[0.100s] DEBUG:colcon:Command line arguments: ['/usr/bin/colcon', 'build']
[0.100s] DEBUG:colcon:Parsed command line arguments: Namespace(log_base=None, log_level=None, verb_name='build', build_base='build', install_base='install', merge_install=False, symlink_install=False, test_result_base=None, continue_on_error=False, executor='parallel', parallel_workers=2, event_handlers=None, ignore_user_meta=False, metas=['./colcon.meta'], base_paths=['.'], packages_ignore=None, packages_ignore_regex=None, paths=None, packages_up_to=None, packages_up_to_regex=None, packages_above=None, packages_above_and_dependencies=None, packages_above_depth=None, packages_select_by_dep=None, packages_skip_by_dep=None, packages_skip_up_to=None, packages_select_build_failed=False, packages_skip_build_finished=False, packages_select_test_failures=False, packages_skip_test_passed=False, packages_select=None, packages_skip=None, packages_select_regex=None, packages_skip_regex=None, packages_start=None, packages_end=None, allow_overriding=[], cmake_args=None, cmake_target=None, cmake_target_skip_unavailable=False, cmake_clean_cache=False, cmake_clean_first=False, cmake_force_configure=False, ament_cmake_args=None, catkin_cmake_args=None, catkin_skip_building_tests=False, verb_parser=<colcon_defaults.argument_parser.defaults.DefaultArgumentsDecorator object at 0x7e025d95a500>, verb_extension=<colcon_core.verb.build.BuildVerb object at 0x7e025dacfe20>, main=<bound method BuildVerb.main of <colcon_core.verb.build.BuildVerb object at 0x7e025dacfe20>>)
[0.208s] Level 1:colcon.colcon_core.package_discovery:discover_packages(colcon_meta) check parameters
[0.209s] Level 1:colcon.colcon_core.package_discovery:discover_packages(recursive) check parameters
[0.209s] Level 1:colcon.colcon_core.package_discovery:discover_packages(ignore) check parameters
[0.209s] Level 1:colcon.colcon_core.package_discovery:discover_packages(path) check parameters
[0.209s] Level 1:colcon.colcon_core.package_discovery:discover_packages(colcon_meta) discover
[0.209s] Level 1:colcon.colcon_core.package_discovery:discover_packages(recursive) discover
[0.209s] INFO:colcon.colcon_core.package_discovery:Crawling recursively for packages in '/home/ubuntu2204/lerobot_ws'
[0.209s] Level 1:colcon.colcon_core.package_identification:_identify(.) by extensions ['ignore', 'ignore_ament_install']
[0.209s] Level 1:colcon.colcon_core.package_identification:_identify(.) by extension 'ignore'
[0.209s] Level 1:colcon.colcon_core.package_identification:_identify(.) by extension 'ignore_ament_install'
[0.209s] Level 1:colcon.colcon_core.package_identification:_identify(.) by extensions ['colcon_pkg']
[0.209s] Level 1:colcon.colcon_core.package_identification:_identify(.) by extension 'colcon_pkg'
[0.209s] Level 1:colcon.colcon_core.package_identification:_identify(.) by extensions ['colcon_meta']
[0.209s] Level 1:colcon.colcon_core.package_identification:_identify(.) by extension 'colcon_meta'
[0.209s] Level 1:colcon.colcon_core.package_identification:_identify(.) by extensions ['ros']
[0.209s] Level 1:colcon.colcon_core.package_identification:_identify(.) by extension 'ros'
[0.217s] Level 1:colcon.colcon_core.package_identification:_identify(.) by extensions ['cmake', 'python']
[0.217s] Level 1:colcon.colcon_core.package_identification:_identify(.) by extension 'cmake'
[0.217s] Level 1:colcon.colcon_core.package_identification:_identify(.) by extension 'python'
[0.217s] Level 1:colcon.colcon_core.package_identification:_identify(.) by extensions ['python_setup_py']
[0.217s] Level 1:colcon.colcon_core.package_identification:_identify(.) by extension 'python_setup_py'
[0.218s] Level 1:colcon.colcon_core.package_identification:_identify(build) by extensions ['ignore', 'ignore_ament_install']
[0.218s] Level 1:colcon.colcon_core.package_identification:_identify(build) by extension 'ignore'
[0.218s] Level 1:colcon.colcon_core.package_identification:_identify(build) ignored
[0.218s] Level 1:colcon.colcon_core.package_identification:_identify(install) by extensions ['ignore', 'ignore_ament_install']
[0.218s] Level 1:colcon.colcon_core.package_identification:_identify(install) by extension 'ignore'
[0.218s] Level 1:colcon.colcon_core.package_identification:_identify(install) ignored
[0.218s] Level 1:colcon.colcon_core.package_identification:_identify(log) by extensions ['ignore', 'ignore_ament_install']
[0.218s] Level 1:colcon.colcon_core.package_identification:_identify(log) by extension 'ignore'
[0.218s] Level 1:colcon.colcon_core.package_identification:_identify(log) ignored
[0.218s] Level 1:colcon.colcon_core.package_identification:_identify(src) by extensions ['ignore', 'ignore_ament_install']
[0.218s] Level 1:colcon.colcon_core.package_identification:_identify(src) by extension 'ignore'
[0.218s] Level 1:colcon.colcon_core.package_identification:_identify(src) by extension 'ignore_ament_install'
[0.218s] Level 1:colcon.colcon_core.package_identification:_identify(src) by extensions ['colcon_pkg']
[0.218s] Level 1:colcon.colcon_core.package_identification:_identify(src) by extension 'colcon_pkg'
[0.218s] Level 1:colcon.colcon_core.package_identification:_identify(src) by extensions ['colcon_meta']
[0.218s] Level 1:colcon.colcon_core.package_identification:_identify(src) by extension 'colcon_meta'
[0.219s] Level 1:colcon.colcon_core.package_identification:_identify(src) by extensions ['ros']
[0.219s] Level 1:colcon.colcon_core.package_identification:_identify(src) by extension 'ros'
[0.219s] Level 1:colcon.colcon_core.package_identification:_identify(src) by extensions ['cmake', 'python']
[0.219s] Level 1:colcon.colcon_core.package_identification:_identify(src) by extension 'cmake'
[0.219s] Level 1:colcon.colcon_core.package_identification:_identify(src) by extension 'python'
[0.219s] Level 1:colcon.colcon_core.package_identification:_identify(src) by extensions ['python_setup_py']
[0.219s] Level 1:colcon.colcon_core.package_identification:_identify(src) by extension 'python_setup_py'
[0.219s] Level 1:colcon.colcon_core.package_identification:_identify(src/lerobot_control) by extensions ['ignore', 'ignore_ament_install']
[0.219s] Level 1:colcon.colcon_core.package_identification:_identify(src/lerobot_control) by extension 'ignore'
[0.219s] Level 1:colcon.colcon_core.package_identification:_identify(src/lerobot_control) by extension 'ignore_ament_install'
[0.219s] Level 1:colcon.colcon_core.package_identification:_identify(src/lerobot_control) by extensions ['colcon_pkg']
[0.219s] Level 1:colcon.colcon_core.package_identification:_identify(src/lerobot_control) by extension 'colcon_pkg'
[0.219s] Level 1:colcon.colcon_core.package_identification:_identify(src/lerobot_control) by extensions ['colcon_meta']
[0.219s] Level 1:colcon.colcon_core.package_identification:_identify(src/lerobot_control) by extension 'colcon_meta'
[0.219s] Level 1:colcon.colcon_core.package_identification:_identify(src/lerobot_control) by extensions ['ros']
[0.219s] Level 1:colcon.colcon_core.package_identification:_identify(src/lerobot_control) by extension 'ros'
[0.221s] DEBUG:colcon.colcon_core.package_identification:Package 'src/lerobot_control' with type 'ros.ament_python' and name 'lerobot_control'
[0.221s] Level 1:colcon.colcon_core.package_identification:_identify(src/lerobot_description) by extensions ['ignore', 'ignore_ament_install']
[0.221s] Level 1:colcon.colcon_core.package_identification:_identify(src/lerobot_description) by extension 'ignore'
[0.221s] Level 1:colcon.colcon_core.package_identification:_identify(src/lerobot_description) by extension 'ignore_ament_install'
[0.221s] Level 1:colcon.colcon_core.package_identification:_identify(src/lerobot_description) by extensions ['colcon_pkg']
[0.221s] Level 1:colcon.colcon_core.package_identification:_identify(src/lerobot_description) by extension 'colcon_pkg'
[0.221s] Level 1:colcon.colcon_core.package_identification:_identify(src/lerobot_description) by extensions ['colcon_meta']
[0.221s] Level 1:colcon.colcon_core.package_identification:_identify(src/lerobot_description) by extension 'colcon_meta'
[0.221s] Level 1:colcon.colcon_core.package_identification:_identify(src/lerobot_description) by extensions ['ros']
[0.221s] Level 1:colcon.colcon_core.package_identification:_identify(src/lerobot_description) by extension 'ros'
[0.221s] DEBUG:colcon.colcon_core.package_identification:Package 'src/lerobot_description' with type 'ros.ament_cmake' and name 'lerobot_description'
[0.222s] Level 1:colcon.colcon_core.package_identification:_identify(src/lerobot_moveit_config) by extensions ['ignore', 'ignore_ament_install']
[0.222s] Level 1:colcon.colcon_core.package_identification:_identify(src/lerobot_moveit_config) by extension 'ignore'
[0.222s] Level 1:colcon.colcon_core.package_identification:_identify(src/lerobot_moveit_config) by extension 'ignore_ament_install'
[0.222s] Level 1:colcon.colcon_core.package_identification:_identify(src/lerobot_moveit_config) by extensions ['colcon_pkg']
[0.222s] Level 1:colcon.colcon_core.package_identification:_identify(src/lerobot_moveit_config) by extension 'colcon_pkg'
[0.222s] Level 1:colcon.colcon_core.package_identification:_identify(src/lerobot_moveit_config) by extensions ['colcon_meta']
[0.222s] Level 1:colcon.colcon_core.package_identification:_identify(src/lerobot_moveit_config) by extension 'colcon_meta'
[0.222s] Level 1:colcon.colcon_core.package_identification:_identify(src/lerobot_moveit_config) by extensions ['ros']
[0.222s] Level 1:colcon.colcon_core.package_identification:_identify(src/lerobot_moveit_config) by extension 'ros'
[0.222s] DEBUG:colcon.colcon_core.package_identification:Package 'src/lerobot_moveit_config' with type 'ros.ament_cmake' and name 'lerobot_moveit_config'
[0.222s] Level 1:colcon.colcon_core.package_discovery:discover_packages(recursive) using defaults
[0.222s] Level 1:colcon.colcon_core.package_discovery:discover_packages(ignore) discover
[0.222s] Level 1:colcon.colcon_core.package_discovery:discover_packages(ignore) using defaults
[0.222s] Level 1:colcon.colcon_core.package_discovery:discover_packages(path) discover
[0.222s] Level 1:colcon.colcon_core.package_discovery:discover_packages(path) using defaults
[0.245s] Level 1:colcon.colcon_core.package_discovery:discover_packages(prefix_path) check parameters
[0.245s] Level 1:colcon.colcon_core.package_discovery:discover_packages(prefix_path) discover
[0.249s] DEBUG:colcon.colcon_installed_package_information.package_discovery:Found 3 installed packages in /home/ubuntu2204/lerobot_ws/install
[0.250s] DEBUG:colcon.colcon_installed_package_information.package_discovery:Found 4 installed packages in /home/ubuntu2204/ws00_helloworld/install
[0.251s] DEBUG:colcon.colcon_installed_package_information.package_discovery:Found 461 installed packages in /opt/ros/humble
[0.252s] Level 1:colcon.colcon_core.package_discovery:discover_packages(prefix_path) using defaults
[0.289s] Level 5:colcon.colcon_core.verb:set package 'lerobot_control' build argument 'cmake_args' from command line to 'None'
[0.289s] Level 5:colcon.colcon_core.verb:set package 'lerobot_control' build argument 'cmake_target' from command line to 'None'
[0.289s] Level 5:colcon.colcon_core.verb:set package 'lerobot_control' build argument 'cmake_target_skip_unavailable' from command line to 'False'
[0.289s] Level 5:colcon.colcon_core.verb:set package 'lerobot_control' build argument 'cmake_clean_cache' from command line to 'False'
[0.289s] Level 5:colcon.colcon_core.verb:set package 'lerobot_control' build argument 'cmake_clean_first' from command line to 'False'
[0.289s] Level 5:colcon.colcon_core.verb:set package 'lerobot_control' build argument 'cmake_force_configure' from command line to 'False'
[0.289s] Level 5:colcon.colcon_core.verb:set package 'lerobot_control' build argument 'ament_cmake_args' from command line to 'None'
[0.289s] Level 5:colcon.colcon_core.verb:set package 'lerobot_control' build argument 'catkin_cmake_args' from command line to 'None'
[0.289s] Level 5:colcon.colcon_core.verb:set package 'lerobot_control' build argument 'catkin_skip_building_tests' from command line to 'False'
[0.289s] DEBUG:colcon.colcon_core.verb:Building package 'lerobot_control' with the following arguments: {'ament_cmake_args': None, 'build_base': '/home/ubuntu2204/lerobot_ws/build/lerobot_control', 'catkin_cmake_args': None, 'catkin_skip_building_tests': False, 'cmake_args': None, 'cmake_clean_cache': False, 'cmake_clean_first': False, 'cmake_force_configure': False, 'cmake_target': None, 'cmake_target_skip_unavailable': False, 'install_base': '/home/ubuntu2204/lerobot_ws/install/lerobot_control', 'merge_install': False, 'path': '/home/ubuntu2204/lerobot_ws/src/lerobot_control', 'symlink_install': False, 'test_result_base': None}
[0.290s] Level 5:colcon.colcon_core.verb:set package 'lerobot_description' build argument 'cmake_args' from command line to 'None'
[0.290s] Level 5:colcon.colcon_core.verb:set package 'lerobot_description' build argument 'cmake_target' from command line to 'None'
[0.290s] Level 5:colcon.colcon_core.verb:set package 'lerobot_description' build argument 'cmake_target_skip_unavailable' from command line to 'False'
[0.290s] Level 5:colcon.colcon_core.verb:set package 'lerobot_description' build argument 'cmake_clean_cache' from command line to 'False'
[0.290s] Level 5:colcon.colcon_core.verb:set package 'lerobot_description' build argument 'cmake_clean_first' from command line to 'False'
[0.290s] Level 5:colcon.colcon_core.verb:set package 'lerobot_description' build argument 'cmake_force_configure' from command line to 'False'
[0.290s] Level 5:colcon.colcon_core.verb:set package 'lerobot_description' build argument 'ament_cmake_args' from command line to 'None'
[0.290s] Level 5:colcon.colcon_core.verb:set package 'lerobot_description' build argument 'catkin_cmake_args' from command line to 'None'
[0.290s] Level 5:colcon.colcon_core.verb:set package 'lerobot_description' build argument 'catkin_skip_building_tests' from command line to 'False'
[0.290s] DEBUG:colcon.colcon_core.verb:Building package 'lerobot_description' with the following arguments: {'ament_cmake_args': None, 'build_base': '/home/ubuntu2204/lerobot_ws/build/lerobot_description', 'catkin_cmake_args': None, 'catkin_skip_building_tests': False, 'cmake_args': None, 'cmake_clean_cache': False, 'cmake_clean_first': False, 'cmake_force_configure': False, 'cmake_target': None, 'cmake_target_skip_unavailable': False, 'install_base': '/home/ubuntu2204/lerobot_ws/install/lerobot_description', 'merge_install': False, 'path': '/home/ubuntu2204/lerobot_ws/src/lerobot_description', 'symlink_install': False, 'test_result_base': None}
[0.290s] Level 5:colcon.colcon_core.verb:set package 'lerobot_moveit_config' build argument 'cmake_args' from command line to 'None'
[0.290s] Level 5:colcon.colcon_core.verb:set package 'lerobot_moveit_config' build argument 'cmake_target' from command line to 'None'
[0.290s] Level 5:colcon.colcon_core.verb:set package 'lerobot_moveit_config' build argument 'cmake_target_skip_unavailable' from command line to 'False'
[0.290s] Level 5:colcon.colcon_core.verb:set package 'lerobot_moveit_config' build argument 'cmake_clean_cache' from command line to 'False'
[0.290s] Level 5:colcon.colcon_core.verb:set package 'lerobot_moveit_config' build argument 'cmake_clean_first' from command line to 'False'
[0.290s] Level 5:colcon.colcon_core.verb:set package 'lerobot_moveit_config' build argument 'cmake_force_configure' from command line to 'False'
[0.290s] Level 5:colcon.colcon_core.verb:set package 'lerobot_moveit_config' build argument 'ament_cmake_args' from command line to 'None'
[0.290s] Level 5:colcon.colcon_core.verb:set package 'lerobot_moveit_config' build argument 'catkin_cmake_args' from command line to 'None'
[0.290s] Level 5:colcon.colcon_core.verb:set package 'lerobot_moveit_config' build argument 'catkin_skip_building_tests' from command line to 'False'
[0.290s] DEBUG:colcon.colcon_core.verb:Building package 'lerobot_moveit_config' with the following arguments: {'ament_cmake_args': None, 'build_base': '/home/ubuntu2204/lerobot_ws/build/lerobot_moveit_config', 'catkin_cmake_args': None, 'catkin_skip_building_tests': False, 'cmake_args': None, 'cmake_clean_cache': False, 'cmake_clean_first': False, 'cmake_force_configure': False, 'cmake_target': None, 'cmake_target_skip_unavailable': False, 'install_base': '/home/ubuntu2204/lerobot_ws/install/lerobot_moveit_config', 'merge_install': False, 'path': '/home/ubuntu2204/lerobot_ws/src/lerobot_moveit_config', 'symlink_install': False, 'test_result_base': None}
[0.290s] INFO:colcon.colcon_core.executor:Executing jobs using 'parallel' executor
[0.291s] DEBUG:colcon.colcon_parallel_executor.executor.parallel:run_until_complete
[0.292s] INFO:colcon.colcon_ros.task.ament_cmake.build:Building ROS package in '/home/ubuntu2204/lerobot_ws/src/lerobot_description' with build type 'ament_cmake'
[0.292s] INFO:colcon.colcon_cmake.task.cmake.build:Building CMake package in '/home/ubuntu2204/lerobot_ws/src/lerobot_description'
[0.296s] INFO:colcon.colcon_core.plugin_system:Skipping extension 'colcon_core.shell.bat': Not used on non-Windows systems
[0.296s] INFO:colcon.colcon_core.shell:Skip shell extension 'powershell' for command environment: Not usable outside of PowerShell
[0.296s] DEBUG:colcon.colcon_core.shell:Skip shell extension 'dsv' for command environment
[0.301s] INFO:colcon.colcon_ros.task.ament_python.build:Building ROS package in '/home/ubuntu2204/lerobot_ws/src/lerobot_control' with build type 'ament_python'
[0.301s] Level 1:colcon.colcon_core.shell:create_environment_hook('lerobot_control', 'ament_prefix_path')
[0.302s] INFO:colcon.colcon_core.shell:Creating environment hook '/home/ubuntu2204/lerobot_ws/install/lerobot_control/share/lerobot_control/hook/ament_prefix_path.ps1'
[0.303s] INFO:colcon.colcon_core.shell:Creating environment descriptor '/home/ubuntu2204/lerobot_ws/install/lerobot_control/share/lerobot_control/hook/ament_prefix_path.dsv'
[0.303s] INFO:colcon.colcon_core.shell:Creating environment hook '/home/ubuntu2204/lerobot_ws/install/lerobot_control/share/lerobot_control/hook/ament_prefix_path.sh'
[0.304s] INFO:colcon.colcon_core.shell:Skip shell extension 'powershell' for command environment: Not usable outside of PowerShell
[0.304s] DEBUG:colcon.colcon_core.shell:Skip shell extension 'dsv' for command environment
[0.317s] DEBUG:colcon.colcon_core.event_handler.log_command:Invoking command in '/home/ubuntu2204/lerobot_ws/build/lerobot_description': CMAKE_PREFIX_PATH=${CMAKE_PREFIX_PATH}:/home/ubuntu2204/lerobot_ws/install/lerobot_control:/home/ubuntu2204/ws00_helloworld/install/pkg04_hellovscode_py:/home/ubuntu2204/ws00_helloworld/install/pkg02_helloworld_py:/opt/ros/humble /usr/bin/cmake --build /home/ubuntu2204/lerobot_ws/build/lerobot_description -- -j2 -l2
[0.651s] INFO:colcon.colcon_core.task.python.build:Building Python package in '/home/ubuntu2204/lerobot_ws/src/lerobot_control'
[0.652s] INFO:colcon.colcon_core.shell:Skip shell extension 'powershell' for command environment: Not usable outside of PowerShell
[0.652s] DEBUG:colcon.colcon_core.shell:Skip shell extension 'dsv' for command environment
[0.657s] DEBUG:colcon.colcon_core.event_handler.log_command:Invoked command in '/home/ubuntu2204/lerobot_ws/build/lerobot_description' returned '0': CMAKE_PREFIX_PATH=${CMAKE_PREFIX_PATH}:/home/ubuntu2204/lerobot_ws/install/lerobot_control:/home/ubuntu2204/ws00_helloworld/install/pkg04_hellovscode_py:/home/ubuntu2204/ws00_helloworld/install/pkg02_helloworld_py:/opt/ros/humble /usr/bin/cmake --build /home/ubuntu2204/lerobot_ws/build/lerobot_description -- -j2 -l2
[0.668s] DEBUG:colcon.colcon_core.event_handler.log_command:Invoking command in '/home/ubuntu2204/lerobot_ws/build/lerobot_description': CMAKE_PREFIX_PATH=${CMAKE_PREFIX_PATH}:/home/ubuntu2204/lerobot_ws/install/lerobot_control:/home/ubuntu2204/ws00_helloworld/install/pkg04_hellovscode_py:/home/ubuntu2204/ws00_helloworld/install/pkg02_helloworld_py:/opt/ros/humble /usr/bin/cmake --install /home/ubuntu2204/lerobot_ws/build/lerobot_description
[0.679s] Level 1:colcon.colcon_core.environment:create_environment_scripts_only(lerobot_description)
[0.680s] DEBUG:colcon.colcon_core.event_handler.log_command:Invoked command in '/home/ubuntu2204/lerobot_ws/build/lerobot_description' returned '0': CMAKE_PREFIX_PATH=${CMAKE_PREFIX_PATH}:/home/ubuntu2204/lerobot_ws/install/lerobot_control:/home/ubuntu2204/ws00_helloworld/install/pkg04_hellovscode_py:/home/ubuntu2204/ws00_helloworld/install/pkg02_helloworld_py:/opt/ros/humble /usr/bin/cmake --install /home/ubuntu2204/lerobot_ws/build/lerobot_description
[0.688s] Level 1:colcon.colcon_core.environment:checking '/home/ubuntu2204/lerobot_ws/install/lerobot_description' for CMake module files
[0.688s] Level 1:colcon.colcon_core.environment:checking '/home/ubuntu2204/lerobot_ws/install/lerobot_description' for CMake config files
[0.689s] Level 1:colcon.colcon_core.shell:create_environment_hook('lerobot_description', 'cmake_prefix_path')
[0.689s] INFO:colcon.colcon_core.shell:Creating environment hook '/home/ubuntu2204/lerobot_ws/install/lerobot_description/share/lerobot_description/hook/cmake_prefix_path.ps1'
[0.690s] INFO:colcon.colcon_core.shell:Creating environment descriptor '/home/ubuntu2204/lerobot_ws/install/lerobot_description/share/lerobot_description/hook/cmake_prefix_path.dsv'
[0.691s] INFO:colcon.colcon_core.shell:Creating environment hook '/home/ubuntu2204/lerobot_ws/install/lerobot_description/share/lerobot_description/hook/cmake_prefix_path.sh'
[0.692s] Level 1:colcon.colcon_core.environment:checking '/home/ubuntu2204/lerobot_ws/install/lerobot_description/bin'
[0.692s] Level 1:colcon.colcon_core.environment:checking '/home/ubuntu2204/lerobot_ws/install/lerobot_description/lib/pkgconfig/lerobot_description.pc'
[0.692s] Level 1:colcon.colcon_core.environment:checking '/home/ubuntu2204/lerobot_ws/install/lerobot_description/lib/python3.10/site-packages'
[0.693s] Level 1:colcon.colcon_core.environment:checking '/home/ubuntu2204/lerobot_ws/install/lerobot_description/bin'
[0.696s] INFO:colcon.colcon_core.shell:Creating package script '/home/ubuntu2204/lerobot_ws/install/lerobot_description/share/lerobot_description/package.ps1'
[0.699s] INFO:colcon.colcon_core.shell:Creating package descriptor '/home/ubuntu2204/lerobot_ws/install/lerobot_description/share/lerobot_description/package.dsv'
[0.701s] INFO:colcon.colcon_core.shell:Creating package script '/home/ubuntu2204/lerobot_ws/install/lerobot_description/share/lerobot_description/package.sh'
[0.704s] INFO:colcon.colcon_core.shell:Creating package script '/home/ubuntu2204/lerobot_ws/install/lerobot_description/share/lerobot_description/package.bash'
[0.705s] INFO:colcon.colcon_core.shell:Creating package script '/home/ubuntu2204/lerobot_ws/install/lerobot_description/share/lerobot_description/package.zsh'
[0.708s] Level 1:colcon.colcon_core.environment:create_file_with_runtime_dependencies(/home/ubuntu2204/lerobot_ws/install/lerobot_description/share/colcon-core/packages/lerobot_description)
[0.708s] Level 1:colcon.colcon_core.environment:create_environment_scripts_only(lerobot_description)
[0.708s] Level 1:colcon.colcon_core.environment:checking '/home/ubuntu2204/lerobot_ws/install/lerobot_description' for CMake module files
[0.709s] Level 1:colcon.colcon_core.environment:checking '/home/ubuntu2204/lerobot_ws/install/lerobot_description' for CMake config files
[0.709s] Level 1:colcon.colcon_core.shell:create_environment_hook('lerobot_description', 'cmake_prefix_path')
[0.709s] INFO:colcon.colcon_core.shell:Creating environment hook '/home/ubuntu2204/lerobot_ws/install/lerobot_description/share/lerobot_description/hook/cmake_prefix_path.ps1'
[0.713s] INFO:colcon.colcon_core.shell:Creating environment descriptor '/home/ubuntu2204/lerobot_ws/install/lerobot_description/share/lerobot_description/hook/cmake_prefix_path.dsv'
[0.714s] INFO:colcon.colcon_core.shell:Creating environment hook '/home/ubuntu2204/lerobot_ws/install/lerobot_description/share/lerobot_description/hook/cmake_prefix_path.sh'
[0.714s] Level 1:colcon.colcon_core.environment:checking '/home/ubuntu2204/lerobot_ws/install/lerobot_description/bin'
[0.714s] Level 1:colcon.colcon_core.environment:checking '/home/ubuntu2204/lerobot_ws/install/lerobot_description/lib/pkgconfig/lerobot_description.pc'
[0.714s] Level 1:colcon.colcon_core.environment:checking '/home/ubuntu2204/lerobot_ws/install/lerobot_description/lib/python3.10/site-packages'
[0.715s] Level 1:colcon.colcon_core.environment:checking '/home/ubuntu2204/lerobot_ws/install/lerobot_description/bin'
[0.715s] INFO:colcon.colcon_core.shell:Creating package script '/home/ubuntu2204/lerobot_ws/install/lerobot_description/share/lerobot_description/package.ps1'
[0.717s] INFO:colcon.colcon_core.shell:Creating package descriptor '/home/ubuntu2204/lerobot_ws/install/lerobot_description/share/lerobot_description/package.dsv'
[0.717s] INFO:colcon.colcon_core.shell:Creating package script '/home/ubuntu2204/lerobot_ws/install/lerobot_description/share/lerobot_description/package.sh'
[0.718s] INFO:colcon.colcon_core.shell:Creating package script '/home/ubuntu2204/lerobot_ws/install/lerobot_description/share/lerobot_description/package.bash'
[0.721s] INFO:colcon.colcon_core.shell:Creating package script '/home/ubuntu2204/lerobot_ws/install/lerobot_description/share/lerobot_description/package.zsh'
[0.721s] Level 1:colcon.colcon_core.environment:create_file_with_runtime_dependencies(/home/ubuntu2204/lerobot_ws/install/lerobot_description/share/colcon-core/packages/lerobot_description)
[0.722s] INFO:colcon.colcon_ros.task.ament_cmake.build:Building ROS package in '/home/ubuntu2204/lerobot_ws/src/lerobot_moveit_config' with build type 'ament_cmake'
[0.722s] INFO:colcon.colcon_cmake.task.cmake.build:Building CMake package in '/home/ubuntu2204/lerobot_ws/src/lerobot_moveit_config'
[0.722s] INFO:colcon.colcon_core.shell:Skip shell extension 'powershell' for command environment: Not usable outside of PowerShell
[0.722s] DEBUG:colcon.colcon_core.shell:Skip shell extension 'dsv' for command environment
[0.749s] DEBUG:colcon.colcon_core.event_handler.log_command:Invoking command in '/home/ubuntu2204/lerobot_ws/build/lerobot_moveit_config': CMAKE_PREFIX_PATH=/home/ubuntu2204/lerobot_ws/install/lerobot_description:/home/ubuntu2204/lerobot_ws/install/lerobot_moveit_config:/home/ubuntu2204/ws00_helloworld/install/pkg03_hellovscode_cpp:/home/ubuntu2204/ws00_helloworld/install/pkg01_helloworld_cpp:/home/ubuntu2204/lerobot_ws/install/lerobot_control:/home/ubuntu2204/ws00_helloworld/install/pkg04_hellovscode_py:/home/ubuntu2204/ws00_helloworld/install/pkg02_helloworld_py:/opt/ros/humble /usr/bin/cmake --build /home/ubuntu2204/lerobot_ws/build/lerobot_moveit_config -- -j2 -l2
[0.814s] DEBUG:colcon.colcon_core.event_handler.log_command:Invoked command in '/home/ubuntu2204/lerobot_ws/build/lerobot_moveit_config' returned '0': CMAKE_PREFIX_PATH=/home/ubuntu2204/lerobot_ws/install/lerobot_description:/home/ubuntu2204/lerobot_ws/install/lerobot_moveit_config:/home/ubuntu2204/ws00_helloworld/install/pkg03_hellovscode_cpp:/home/ubuntu2204/ws00_helloworld/install/pkg01_helloworld_cpp:/home/ubuntu2204/lerobot_ws/install/lerobot_control:/home/ubuntu2204/ws00_helloworld/install/pkg04_hellovscode_py:/home/ubuntu2204/ws00_helloworld/install/pkg02_helloworld_py:/opt/ros/humble /usr/bin/cmake --build /home/ubuntu2204/lerobot_ws/build/lerobot_moveit_config -- -j2 -l2
[0.823s] DEBUG:colcon.colcon_core.event_handler.log_command:Invoking command in '/home/ubuntu2204/lerobot_ws/build/lerobot_moveit_config': CMAKE_PREFIX_PATH=/home/ubuntu2204/lerobot_ws/install/lerobot_description:/home/ubuntu2204/lerobot_ws/install/lerobot_moveit_config:/home/ubuntu2204/ws00_helloworld/install/pkg03_hellovscode_cpp:/home/ubuntu2204/ws00_helloworld/install/pkg01_helloworld_cpp:/home/ubuntu2204/lerobot_ws/install/lerobot_control:/home/ubuntu2204/ws00_helloworld/install/pkg04_hellovscode_py:/home/ubuntu2204/ws00_helloworld/install/pkg02_helloworld_py:/opt/ros/humble /usr/bin/cmake --install /home/ubuntu2204/lerobot_ws/build/lerobot_moveit_config
[0.848s] Level 1:colcon.colcon_core.environment:create_environment_scripts_only(lerobot_moveit_config)
[0.848s] Level 1:colcon.colcon_core.environment:checking '/home/ubuntu2204/lerobot_ws/install/lerobot_moveit_config' for CMake module files
[0.848s] Level 1:colcon.colcon_core.environment:checking '/home/ubuntu2204/lerobot_ws/install/lerobot_moveit_config' for CMake config files
[0.849s] Level 1:colcon.colcon_core.shell:create_environment_hook('lerobot_moveit_config', 'cmake_prefix_path')
[0.849s] INFO:colcon.colcon_core.shell:Creating environment hook '/home/ubuntu2204/lerobot_ws/install/lerobot_moveit_config/share/lerobot_moveit_config/hook/cmake_prefix_path.ps1'
[0.849s] INFO:colcon.colcon_core.shell:Creating environment descriptor '/home/ubuntu2204/lerobot_ws/install/lerobot_moveit_config/share/lerobot_moveit_config/hook/cmake_prefix_path.dsv'
[0.855s] DEBUG:colcon.colcon_core.event_handler.log_command:Invoked command in '/home/ubuntu2204/lerobot_ws/build/lerobot_moveit_config' returned '0': CMAKE_PREFIX_PATH=/home/ubuntu2204/lerobot_ws/install/lerobot_description:/home/ubuntu2204/lerobot_ws/install/lerobot_moveit_config:/home/ubuntu2204/ws00_helloworld/install/pkg03_hellovscode_cpp:/home/ubuntu2204/ws00_helloworld/install/pkg01_helloworld_cpp:/home/ubuntu2204/lerobot_ws/install/lerobot_control:/home/ubuntu2204/ws00_helloworld/install/pkg04_hellovscode_py:/home/ubuntu2204/ws00_helloworld/install/pkg02_helloworld_py:/opt/ros/humble /usr/bin/cmake --install /home/ubuntu2204/lerobot_ws/build/lerobot_moveit_config
[0.855s] INFO:colcon.colcon_core.shell:Creating environment hook '/home/ubuntu2204/lerobot_ws/install/lerobot_moveit_config/share/lerobot_moveit_config/hook/cmake_prefix_path.sh'
[0.856s] Level 1:colcon.colcon_core.environment:checking '/home/ubuntu2204/lerobot_ws/install/lerobot_moveit_config/bin'
[0.856s] Level 1:colcon.colcon_core.environment:checking '/home/ubuntu2204/lerobot_ws/install/lerobot_moveit_config/lib/pkgconfig/lerobot_moveit_config.pc'
[0.856s] Level 1:colcon.colcon_core.environment:checking '/home/ubuntu2204/lerobot_ws/install/lerobot_moveit_config/lib/python3.10/site-packages'
[0.856s] Level 1:colcon.colcon_core.environment:checking '/home/ubuntu2204/lerobot_ws/install/lerobot_moveit_config/bin'
[0.857s] INFO:colcon.colcon_core.shell:Creating package script '/home/ubuntu2204/lerobot_ws/install/lerobot_moveit_config/share/lerobot_moveit_config/package.ps1'
[0.857s] INFO:colcon.colcon_core.shell:Creating package descriptor '/home/ubuntu2204/lerobot_ws/install/lerobot_moveit_config/share/lerobot_moveit_config/package.dsv'
[0.860s] INFO:colcon.colcon_core.shell:Creating package script '/home/ubuntu2204/lerobot_ws/install/lerobot_moveit_config/share/lerobot_moveit_config/package.sh'
[0.860s] INFO:colcon.colcon_core.shell:Creating package script '/home/ubuntu2204/lerobot_ws/install/lerobot_moveit_config/share/lerobot_moveit_config/package.bash'
[0.861s] INFO:colcon.colcon_core.shell:Creating package script '/home/ubuntu2204/lerobot_ws/install/lerobot_moveit_config/share/lerobot_moveit_config/package.zsh'
[0.861s] Level 1:colcon.colcon_core.environment:create_file_with_runtime_dependencies(/home/ubuntu2204/lerobot_ws/install/lerobot_moveit_config/share/colcon-core/packages/lerobot_moveit_config)
[0.865s] Level 1:colcon.colcon_core.environment:create_environment_scripts_only(lerobot_moveit_config)
[0.865s] Level 1:colcon.colcon_core.environment:checking '/home/ubuntu2204/lerobot_ws/install/lerobot_moveit_config' for CMake module files
[0.865s] Level 1:colcon.colcon_core.environment:checking '/home/ubuntu2204/lerobot_ws/install/lerobot_moveit_config' for CMake config files
[0.865s] Level 1:colcon.colcon_core.shell:create_environment_hook('lerobot_moveit_config', 'cmake_prefix_path')
[0.868s] INFO:colcon.colcon_core.shell:Creating environment hook '/home/ubuntu2204/lerobot_ws/install/lerobot_moveit_config/share/lerobot_moveit_config/hook/cmake_prefix_path.ps1'
[0.868s] INFO:colcon.colcon_core.shell:Creating environment descriptor '/home/ubuntu2204/lerobot_ws/install/lerobot_moveit_config/share/lerobot_moveit_config/hook/cmake_prefix_path.dsv'
[0.869s] INFO:colcon.colcon_core.shell:Creating environment hook '/home/ubuntu2204/lerobot_ws/install/lerobot_moveit_config/share/lerobot_moveit_config/hook/cmake_prefix_path.sh'
[0.869s] Level 1:colcon.colcon_core.environment:checking '/home/ubuntu2204/lerobot_ws/install/lerobot_moveit_config/bin'
[0.869s] Level 1:colcon.colcon_core.environment:checking '/home/ubuntu2204/lerobot_ws/install/lerobot_moveit_config/lib/pkgconfig/lerobot_moveit_config.pc'
[0.869s] Level 1:colcon.colcon_core.environment:checking '/home/ubuntu2204/lerobot_ws/install/lerobot_moveit_config/lib/python3.10/site-packages'
[0.870s] Level 1:colcon.colcon_core.environment:checking '/home/ubuntu2204/lerobot_ws/install/lerobot_moveit_config/bin'
[0.870s] INFO:colcon.colcon_core.shell:Creating package script '/home/ubuntu2204/lerobot_ws/install/lerobot_moveit_config/share/lerobot_moveit_config/package.ps1'
[0.870s] INFO:colcon.colcon_core.shell:Creating package descriptor '/home/ubuntu2204/lerobot_ws/install/lerobot_moveit_config/share/lerobot_moveit_config/package.dsv'
[0.871s] INFO:colcon.colcon_core.shell:Creating package script '/home/ubuntu2204/lerobot_ws/install/lerobot_moveit_config/share/lerobot_moveit_config/package.sh'
[0.871s] INFO:colcon.colcon_core.shell:Creating package script '/home/ubuntu2204/lerobot_ws/install/lerobot_moveit_config/share/lerobot_moveit_config/package.bash'
[0.871s] INFO:colcon.colcon_core.shell:Creating package script '/home/ubuntu2204/lerobot_ws/install/lerobot_moveit_config/share/lerobot_moveit_config/package.zsh'
[0.873s] Level 1:colcon.colcon_core.environment:create_file_with_runtime_dependencies(/home/ubuntu2204/lerobot_ws/install/lerobot_moveit_config/share/colcon-core/packages/lerobot_moveit_config)
[1.358s] DEBUG:colcon.colcon_core.event_handler.log_command:Invoking command in '/home/ubuntu2204/lerobot_ws/src/lerobot_control': PYTHONPATH=/home/ubuntu2204/lerobot_ws/build/lerobot_control/prefix_override:/usr/lib/python3/dist-packages/colcon_core/task/python/colcon_distutils_commands:/home/ubuntu2204/lerobot_ws/install/lerobot_control/lib/python3.10/site-packages:${PYTHONPATH} /usr/bin/python3 -W ignore:setup.py install is deprecated -W ignore:easy_install command is deprecated setup.py egg_info --egg-base ../../build/lerobot_control build --build-base /home/ubuntu2204/lerobot_ws/build/lerobot_control/build install --record /home/ubuntu2204/lerobot_ws/build/lerobot_control/install.log --single-version-externally-managed install_data
[1.606s] Level 1:colcon.colcon_core.environment:checking '/home/ubuntu2204/lerobot_ws/install/lerobot_control' for CMake module files
[1.606s] Level 1:colcon.colcon_core.environment:checking '/home/ubuntu2204/lerobot_ws/install/lerobot_control' for CMake config files
[1.606s] Level 1:colcon.colcon_core.environment:checking '/home/ubuntu2204/lerobot_ws/install/lerobot_control/lib'
[1.607s] Level 1:colcon.colcon_core.environment:checking '/home/ubuntu2204/lerobot_ws/install/lerobot_control/bin'
[1.607s] Level 1:colcon.colcon_core.environment:checking '/home/ubuntu2204/lerobot_ws/install/lerobot_control/lib/pkgconfig/lerobot_control.pc'
[1.607s] Level 1:colcon.colcon_core.environment:checking '/home/ubuntu2204/lerobot_ws/install/lerobot_control/lib/python3.10/site-packages'
[1.607s] Level 1:colcon.colcon_core.shell:create_environment_hook('lerobot_control', 'pythonpath')
[1.607s] INFO:colcon.colcon_core.shell:Creating environment hook '/home/ubuntu2204/lerobot_ws/install/lerobot_control/share/lerobot_control/hook/pythonpath.ps1'
[1.607s] DEBUG:colcon.colcon_core.event_handler.log_command:Invoked command in '/home/ubuntu2204/lerobot_ws/src/lerobot_control' returned '0': PYTHONPATH=/home/ubuntu2204/lerobot_ws/build/lerobot_control/prefix_override:/usr/lib/python3/dist-packages/colcon_core/task/python/colcon_distutils_commands:/home/ubuntu2204/lerobot_ws/install/lerobot_control/lib/python3.10/site-packages:${PYTHONPATH} /usr/bin/python3 -W ignore:setup.py install is deprecated -W ignore:easy_install command is deprecated setup.py egg_info --egg-base ../../build/lerobot_control build --build-base /home/ubuntu2204/lerobot_ws/build/lerobot_control/build install --record /home/ubuntu2204/lerobot_ws/build/lerobot_control/install.log --single-version-externally-managed install_data
[1.609s] INFO:colcon.colcon_core.shell:Creating environment descriptor '/home/ubuntu2204/lerobot_ws/install/lerobot_control/share/lerobot_control/hook/pythonpath.dsv'
[1.609s] INFO:colcon.colcon_core.shell:Creating environment hook '/home/ubuntu2204/lerobot_ws/install/lerobot_control/share/lerobot_control/hook/pythonpath.sh'
[1.610s] Level 1:colcon.colcon_core.environment:checking '/home/ubuntu2204/lerobot_ws/install/lerobot_control/bin'
[1.610s] Level 1:colcon.colcon_core.environment:create_environment_scripts_only(lerobot_control)
[1.610s] INFO:colcon.colcon_core.shell:Creating package script '/home/ubuntu2204/lerobot_ws/install/lerobot_control/share/lerobot_control/package.ps1'
[1.611s] INFO:colcon.colcon_core.shell:Creating package descriptor '/home/ubuntu2204/lerobot_ws/install/lerobot_control/share/lerobot_control/package.dsv'
[1.611s] INFO:colcon.colcon_core.shell:Creating package script '/home/ubuntu2204/lerobot_ws/install/lerobot_control/share/lerobot_control/package.sh'
[1.612s] INFO:colcon.colcon_core.shell:Creating package script '/home/ubuntu2204/lerobot_ws/install/lerobot_control/share/lerobot_control/package.bash'
[1.612s] INFO:colcon.colcon_core.shell:Creating package script '/home/ubuntu2204/lerobot_ws/install/lerobot_control/share/lerobot_control/package.zsh'
[1.612s] Level 1:colcon.colcon_core.environment:create_file_with_runtime_dependencies(/home/ubuntu2204/lerobot_ws/install/lerobot_control/share/colcon-core/packages/lerobot_control)
[1.613s] DEBUG:colcon.colcon_parallel_executor.executor.parallel:closing loop
[1.613s] DEBUG:colcon.colcon_parallel_executor.executor.parallel:loop closed
[1.613s] DEBUG:colcon.colcon_parallel_executor.executor.parallel:run_until_complete finished with '0'
[1.614s] DEBUG:colcon.colcon_core.event_reactor:joining thread
[1.625s] INFO:colcon.colcon_core.plugin_system:Skipping extension 'colcon_notification.desktop_notification.terminal_notifier': Not used on non-Darwin systems
[1.625s] INFO:colcon.colcon_core.plugin_system:Skipping extension 'colcon_notification.desktop_notification.win32': Not used on non-Windows systems
[1.625s] INFO:colcon.colcon_notification.desktop_notification:Sending desktop notification using 'notify2'
[1.647s] DEBUG:colcon.colcon_core.event_reactor:joined thread
[1.647s] INFO:colcon.colcon_core.shell:Creating prefix script '/home/ubuntu2204/lerobot_ws/install/local_setup.ps1'
[1.648s] INFO:colcon.colcon_core.shell:Creating prefix util module '/home/ubuntu2204/lerobot_ws/install/_local_setup_util_ps1.py'
[1.651s] INFO:colcon.colcon_core.shell:Creating prefix chain script '/home/ubuntu2204/lerobot_ws/install/setup.ps1'
[1.654s] INFO:colcon.colcon_core.shell:Creating prefix script '/home/ubuntu2204/lerobot_ws/install/local_setup.sh'
[1.655s] INFO:colcon.colcon_core.shell:Creating prefix util module '/home/ubuntu2204/lerobot_ws/install/_local_setup_util_sh.py'
[1.658s] INFO:colcon.colcon_core.shell:Creating prefix chain script '/home/ubuntu2204/lerobot_ws/install/setup.sh'
[1.660s] INFO:colcon.colcon_core.shell:Creating prefix script '/home/ubuntu2204/lerobot_ws/install/local_setup.bash'
[1.661s] INFO:colcon.colcon_core.shell:Creating prefix chain script '/home/ubuntu2204/lerobot_ws/install/setup.bash'
[1.662s] INFO:colcon.colcon_core.shell:Creating prefix script '/home/ubuntu2204/lerobot_ws/install/local_setup.zsh'
[1.663s] INFO:colcon.colcon_core.shell:Creating prefix chain script '/home/ubuntu2204/lerobot_ws/install/setup.zsh'
