[1.051s] Invoking command in '/home/ubuntu2204/lerobot_ws/src/lerobot_control': PYTHONPATH=/home/ubuntu2204/lerobot_ws/build/lerobot_control/prefix_override:/usr/lib/python3/dist-packages/colcon_core/task/python/colcon_distutils_commands:/home/ubuntu2204/lerobot_ws/install/lerobot_control/lib/python3.10/site-packages:${PYTHONPATH} /usr/bin/python3 -W ignore:setup.py install is deprecated -W ignore:easy_install command is deprecated setup.py egg_info --egg-base ../../build/lerobot_control build --build-base /home/ubuntu2204/lerobot_ws/build/lerobot_control/build install --record /home/ubuntu2204/lerobot_ws/build/lerobot_control/install.log --single-version-externally-managed install_data
[1.197s] running egg_info
[1.198s] writing ../../build/lerobot_control/lerobot_control.egg-info/PKG-INFO
[1.198s] writing dependency_links to ../../build/lerobot_control/lerobot_control.egg-info/dependency_links.txt
[1.198s] writing entry points to ../../build/lerobot_control/lerobot_control.egg-info/entry_points.txt
[1.198s] writing requirements to ../../build/lerobot_control/lerobot_control.egg-info/requires.txt
[1.204s] writing top-level names to ../../build/lerobot_control/lerobot_control.egg-info/top_level.txt
[1.205s] reading manifest file '../../build/lerobot_control/lerobot_control.egg-info/SOURCES.txt'
[1.206s] writing manifest file '../../build/lerobot_control/lerobot_control.egg-info/SOURCES.txt'
[1.206s] running build
[1.206s] running build_py
[1.207s] running install
[1.207s] running install_lib
[1.209s] running install_data
[1.209s] running install_egg_info
[1.210s] removing '/home/ubuntu2204/lerobot_ws/install/lerobot_control/lib/python3.10/site-packages/lerobot_control-0.0.0-py3.10.egg-info' (and everything under it)
[1.214s] Copying ../../build/lerobot_control/lerobot_control.egg-info to /home/ubuntu2204/lerobot_ws/install/lerobot_control/lib/python3.10/site-packages/lerobot_control-0.0.0-py3.10.egg-info
[1.215s] running install_scripts
[1.232s] Installing arm_planner script to /home/ubuntu2204/lerobot_ws/install/lerobot_control/lib/lerobot_control
[1.233s] Installing keyboard script to /home/ubuntu2204/lerobot_ws/install/lerobot_control/lib/lerobot_control
[1.233s] Installing lerobot script to /home/ubuntu2204/lerobot_ws/install/lerobot_control/lib/lerobot_control
[1.234s] Installing trajectory_bridge script to /home/ubuntu2204/lerobot_ws/install/lerobot_control/lib/lerobot_control
[1.235s] writing list of installed files to '/home/ubuntu2204/lerobot_ws/build/lerobot_control/install.log'
[1.253s] Invoked command in '/home/ubuntu2204/lerobot_ws/src/lerobot_control' returned '0': PYTHONPATH=/home/ubuntu2204/lerobot_ws/build/lerobot_control/prefix_override:/usr/lib/python3/dist-packages/colcon_core/task/python/colcon_distutils_commands:/home/ubuntu2204/lerobot_ws/install/lerobot_control/lib/python3.10/site-packages:${PYTHONPATH} /usr/bin/python3 -W ignore:setup.py install is deprecated -W ignore:easy_install command is deprecated setup.py egg_info --egg-base ../../build/lerobot_control build --build-base /home/ubuntu2204/lerobot_ws/build/lerobot_control/build install --record /home/ubuntu2204/lerobot_ws/build/lerobot_control/install.log --single-version-externally-managed install_data
