[0.833s] Invoking command in '/home/ubuntu2204/lerobot_ws/src/lerobot_control': PYTHONPATH=/home/ubuntu2204/lerobot_ws/build/lerobot_control/prefix_override:/usr/lib/python3/dist-packages/colcon_core/task/python/colcon_distutils_commands:/home/ubuntu2204/lerobot_ws/install/lerobot_control/lib/python3.10/site-packages:${PYTHONPATH} /usr/bin/python3 -W ignore:setup.py install is deprecated -W ignore:easy_install command is deprecated setup.py egg_info --egg-base ../../build/lerobot_control build --build-base /home/ubuntu2204/lerobot_ws/build/lerobot_control/build install --record /home/ubuntu2204/lerobot_ws/build/lerobot_control/install.log --single-version-externally-managed install_data
[0.994s] running egg_info
[0.994s] writing ../../build/lerobot_control/lerobot_control.egg-info/PKG-INFO
[0.994s] writing dependency_links to ../../build/lerobot_control/lerobot_control.egg-info/dependency_links.txt
[0.994s] writing entry points to ../../build/lerobot_control/lerobot_control.egg-info/entry_points.txt
[0.995s] writing requirements to ../../build/lerobot_control/lerobot_control.egg-info/requires.txt
[0.996s] writing top-level names to ../../build/lerobot_control/lerobot_control.egg-info/top_level.txt
[0.996s] reading manifest file '../../build/lerobot_control/lerobot_control.egg-info/SOURCES.txt'
[0.998s] writing manifest file '../../build/lerobot_control/lerobot_control.egg-info/SOURCES.txt'
[0.998s] running build
[0.998s] running build_py
[0.999s] copying lerobot_control/trajectory_bridge.py -> /home/ubuntu2204/lerobot_ws/build/lerobot_control/build/lib/lerobot_control
[0.999s] running install
[0.999s] running install_lib
[1.000s] copying /home/ubuntu2204/lerobot_ws/build/lerobot_control/build/lib/lerobot_control/trajectory_bridge.py -> /home/ubuntu2204/lerobot_ws/install/lerobot_control/lib/python3.10/site-packages/lerobot_control
[1.002s] byte-compiling /home/ubuntu2204/lerobot_ws/install/lerobot_control/lib/python3.10/site-packages/lerobot_control/trajectory_bridge.py to trajectory_bridge.cpython-310.pyc
[1.002s] running install_data
[1.002s] running install_egg_info
[1.003s] removing '/home/ubuntu2204/lerobot_ws/install/lerobot_control/lib/python3.10/site-packages/lerobot_control-0.0.0-py3.10.egg-info' (and everything under it)
[1.004s] Copying ../../build/lerobot_control/lerobot_control.egg-info to /home/ubuntu2204/lerobot_ws/install/lerobot_control/lib/python3.10/site-packages/lerobot_control-0.0.0-py3.10.egg-info
[1.008s] running install_scripts
[1.022s] Installing arm_planner script to /home/ubuntu2204/lerobot_ws/install/lerobot_control/lib/lerobot_control
[1.022s] Installing lerobot script to /home/ubuntu2204/lerobot_ws/install/lerobot_control/lib/lerobot_control
[1.023s] Installing trajectory_bridge script to /home/ubuntu2204/lerobot_ws/install/lerobot_control/lib/lerobot_control
[1.024s] writing list of installed files to '/home/ubuntu2204/lerobot_ws/build/lerobot_control/install.log'
[1.045s] Invoked command in '/home/ubuntu2204/lerobot_ws/src/lerobot_control' returned '0': PYTHONPATH=/home/ubuntu2204/lerobot_ws/build/lerobot_control/prefix_override:/usr/lib/python3/dist-packages/colcon_core/task/python/colcon_distutils_commands:/home/ubuntu2204/lerobot_ws/install/lerobot_control/lib/python3.10/site-packages:${PYTHONPATH} /usr/bin/python3 -W ignore:setup.py install is deprecated -W ignore:easy_install command is deprecated setup.py egg_info --egg-base ../../build/lerobot_control build --build-base /home/ubuntu2204/lerobot_ws/build/lerobot_control/build install --record /home/ubuntu2204/lerobot_ws/build/lerobot_control/install.log --single-version-externally-managed install_data
