[0.068s] DEBUG:colcon:Command line arguments: ['/usr/bin/colcon', 'build']
[0.068s] DEBUG:colcon:Parsed command line arguments: Namespace(log_base=None, log_level=None, verb_name='build', build_base='build', install_base='install', merge_install=False, symlink_install=False, test_result_base=None, continue_on_error=False, executor='parallel', parallel_workers=2, event_handlers=None, ignore_user_meta=False, metas=['./colcon.meta'], base_paths=['.'], packages_ignore=None, packages_ignore_regex=None, paths=None, packages_up_to=None, packages_up_to_regex=None, packages_above=None, packages_above_and_dependencies=None, packages_above_depth=None, packages_select_by_dep=None, packages_skip_by_dep=None, packages_skip_up_to=None, packages_select_build_failed=False, packages_skip_build_finished=False, packages_select_test_failures=False, packages_skip_test_passed=False, packages_select=None, packages_skip=None, packages_select_regex=None, packages_skip_regex=None, packages_start=None, packages_end=None, allow_overriding=[], cmake_args=None, cmake_target=None, cmake_target_skip_unavailable=False, cmake_clean_cache=False, cmake_clean_first=False, cmake_force_configure=False, ament_cmake_args=None, catkin_cmake_args=None, catkin_skip_building_tests=False, verb_parser=<colcon_defaults.argument_parser.defaults.DefaultArgumentsDecorator object at 0x732defc62500>, verb_extension=<colcon_core.verb.build.BuildVerb object at 0x732defdd7e20>, main=<bound method BuildVerb.main of <colcon_core.verb.build.BuildVerb object at 0x732defdd7e20>>)
[0.175s] Level 1:colcon.colcon_core.package_discovery:discover_packages(colcon_meta) check parameters
[0.175s] Level 1:colcon.colcon_core.package_discovery:discover_packages(recursive) check parameters
[0.176s] Level 1:colcon.colcon_core.package_discovery:discover_packages(ignore) check parameters
[0.176s] Level 1:colcon.colcon_core.package_discovery:discover_packages(path) check parameters
[0.176s] Level 1:colcon.colcon_core.package_discovery:discover_packages(colcon_meta) discover
[0.176s] Level 1:colcon.colcon_core.package_discovery:discover_packages(recursive) discover
[0.176s] INFO:colcon.colcon_core.package_discovery:Crawling recursively for packages in '/home/ubuntu2204/lerobot_ws'
[0.176s] Level 1:colcon.colcon_core.package_identification:_identify(.) by extensions ['ignore', 'ignore_ament_install']
[0.176s] Level 1:colcon.colcon_core.package_identification:_identify(.) by extension 'ignore'
[0.176s] Level 1:colcon.colcon_core.package_identification:_identify(.) by extension 'ignore_ament_install'
[0.176s] Level 1:colcon.colcon_core.package_identification:_identify(.) by extensions ['colcon_pkg']
[0.176s] Level 1:colcon.colcon_core.package_identification:_identify(.) by extension 'colcon_pkg'
[0.176s] Level 1:colcon.colcon_core.package_identification:_identify(.) by extensions ['colcon_meta']
[0.177s] Level 1:colcon.colcon_core.package_identification:_identify(.) by extension 'colcon_meta'
[0.177s] Level 1:colcon.colcon_core.package_identification:_identify(.) by extensions ['ros']
[0.177s] Level 1:colcon.colcon_core.package_identification:_identify(.) by extension 'ros'
[0.184s] Level 1:colcon.colcon_core.package_identification:_identify(.) by extensions ['cmake', 'python']
[0.184s] Level 1:colcon.colcon_core.package_identification:_identify(.) by extension 'cmake'
[0.184s] Level 1:colcon.colcon_core.package_identification:_identify(.) by extension 'python'
[0.184s] Level 1:colcon.colcon_core.package_identification:_identify(.) by extensions ['python_setup_py']
[0.184s] Level 1:colcon.colcon_core.package_identification:_identify(.) by extension 'python_setup_py'
[0.185s] Level 1:colcon.colcon_core.package_identification:_identify(build) by extensions ['ignore', 'ignore_ament_install']
[0.185s] Level 1:colcon.colcon_core.package_identification:_identify(build) by extension 'ignore'
[0.185s] Level 1:colcon.colcon_core.package_identification:_identify(build) ignored
[0.185s] Level 1:colcon.colcon_core.package_identification:_identify(install) by extensions ['ignore', 'ignore_ament_install']
[0.185s] Level 1:colcon.colcon_core.package_identification:_identify(install) by extension 'ignore'
[0.185s] Level 1:colcon.colcon_core.package_identification:_identify(install) ignored
[0.185s] Level 1:colcon.colcon_core.package_identification:_identify(log) by extensions ['ignore', 'ignore_ament_install']
[0.185s] Level 1:colcon.colcon_core.package_identification:_identify(log) by extension 'ignore'
[0.185s] Level 1:colcon.colcon_core.package_identification:_identify(log) ignored
[0.185s] Level 1:colcon.colcon_core.package_identification:_identify(src) by extensions ['ignore', 'ignore_ament_install']
[0.185s] Level 1:colcon.colcon_core.package_identification:_identify(src) by extension 'ignore'
[0.185s] Level 1:colcon.colcon_core.package_identification:_identify(src) by extension 'ignore_ament_install'
[0.185s] Level 1:colcon.colcon_core.package_identification:_identify(src) by extensions ['colcon_pkg']
[0.185s] Level 1:colcon.colcon_core.package_identification:_identify(src) by extension 'colcon_pkg'
[0.185s] Level 1:colcon.colcon_core.package_identification:_identify(src) by extensions ['colcon_meta']
[0.185s] Level 1:colcon.colcon_core.package_identification:_identify(src) by extension 'colcon_meta'
[0.185s] Level 1:colcon.colcon_core.package_identification:_identify(src) by extensions ['ros']
[0.185s] Level 1:colcon.colcon_core.package_identification:_identify(src) by extension 'ros'
[0.185s] Level 1:colcon.colcon_core.package_identification:_identify(src) by extensions ['cmake', 'python']
[0.185s] Level 1:colcon.colcon_core.package_identification:_identify(src) by extension 'cmake'
[0.185s] Level 1:colcon.colcon_core.package_identification:_identify(src) by extension 'python'
[0.186s] Level 1:colcon.colcon_core.package_identification:_identify(src) by extensions ['python_setup_py']
[0.186s] Level 1:colcon.colcon_core.package_identification:_identify(src) by extension 'python_setup_py'
[0.186s] Level 1:colcon.colcon_core.package_identification:_identify(src/lerobot_control) by extensions ['ignore', 'ignore_ament_install']
[0.186s] Level 1:colcon.colcon_core.package_identification:_identify(src/lerobot_control) by extension 'ignore'
[0.186s] Level 1:colcon.colcon_core.package_identification:_identify(src/lerobot_control) by extension 'ignore_ament_install'
[0.186s] Level 1:colcon.colcon_core.package_identification:_identify(src/lerobot_control) by extensions ['colcon_pkg']
[0.186s] Level 1:colcon.colcon_core.package_identification:_identify(src/lerobot_control) by extension 'colcon_pkg'
[0.186s] Level 1:colcon.colcon_core.package_identification:_identify(src/lerobot_control) by extensions ['colcon_meta']
[0.186s] Level 1:colcon.colcon_core.package_identification:_identify(src/lerobot_control) by extension 'colcon_meta'
[0.186s] Level 1:colcon.colcon_core.package_identification:_identify(src/lerobot_control) by extensions ['ros']
[0.186s] Level 1:colcon.colcon_core.package_identification:_identify(src/lerobot_control) by extension 'ros'
[0.188s] DEBUG:colcon.colcon_core.package_identification:Package 'src/lerobot_control' with type 'ros.ament_python' and name 'lerobot_control'
[0.188s] Level 1:colcon.colcon_core.package_identification:_identify(src/lerobot_description) by extensions ['ignore', 'ignore_ament_install']
[0.188s] Level 1:colcon.colcon_core.package_identification:_identify(src/lerobot_description) by extension 'ignore'
[0.188s] Level 1:colcon.colcon_core.package_identification:_identify(src/lerobot_description) by extension 'ignore_ament_install'
[0.188s] Level 1:colcon.colcon_core.package_identification:_identify(src/lerobot_description) by extensions ['colcon_pkg']
[0.188s] Level 1:colcon.colcon_core.package_identification:_identify(src/lerobot_description) by extension 'colcon_pkg'
[0.188s] Level 1:colcon.colcon_core.package_identification:_identify(src/lerobot_description) by extensions ['colcon_meta']
[0.188s] Level 1:colcon.colcon_core.package_identification:_identify(src/lerobot_description) by extension 'colcon_meta'
[0.188s] Level 1:colcon.colcon_core.package_identification:_identify(src/lerobot_description) by extensions ['ros']
[0.188s] Level 1:colcon.colcon_core.package_identification:_identify(src/lerobot_description) by extension 'ros'
[0.189s] DEBUG:colcon.colcon_core.package_identification:Package 'src/lerobot_description' with type 'ros.ament_cmake' and name 'lerobot_description'
[0.189s] Level 1:colcon.colcon_core.package_identification:_identify(src/lerobot_moveit_config) by extensions ['ignore', 'ignore_ament_install']
[0.189s] Level 1:colcon.colcon_core.package_identification:_identify(src/lerobot_moveit_config) by extension 'ignore'
[0.189s] Level 1:colcon.colcon_core.package_identification:_identify(src/lerobot_moveit_config) by extension 'ignore_ament_install'
[0.189s] Level 1:colcon.colcon_core.package_identification:_identify(src/lerobot_moveit_config) by extensions ['colcon_pkg']
[0.189s] Level 1:colcon.colcon_core.package_identification:_identify(src/lerobot_moveit_config) by extension 'colcon_pkg'
[0.189s] Level 1:colcon.colcon_core.package_identification:_identify(src/lerobot_moveit_config) by extensions ['colcon_meta']
[0.189s] Level 1:colcon.colcon_core.package_identification:_identify(src/lerobot_moveit_config) by extension 'colcon_meta'
[0.189s] Level 1:colcon.colcon_core.package_identification:_identify(src/lerobot_moveit_config) by extensions ['ros']
[0.189s] Level 1:colcon.colcon_core.package_identification:_identify(src/lerobot_moveit_config) by extension 'ros'
[0.190s] DEBUG:colcon.colcon_core.package_identification:Package 'src/lerobot_moveit_config' with type 'ros.ament_cmake' and name 'lerobot_moveit_config'
[0.190s] Level 1:colcon.colcon_core.package_discovery:discover_packages(recursive) using defaults
[0.190s] Level 1:colcon.colcon_core.package_discovery:discover_packages(ignore) discover
[0.190s] Level 1:colcon.colcon_core.package_discovery:discover_packages(ignore) using defaults
[0.190s] Level 1:colcon.colcon_core.package_discovery:discover_packages(path) discover
[0.190s] Level 1:colcon.colcon_core.package_discovery:discover_packages(path) using defaults
[0.211s] Level 1:colcon.colcon_core.package_discovery:discover_packages(prefix_path) check parameters
[0.211s] Level 1:colcon.colcon_core.package_discovery:discover_packages(prefix_path) discover
[0.213s] DEBUG:colcon.colcon_installed_package_information.package_discovery:Found 3 installed packages in /home/ubuntu2204/lerobot_ws/install
[0.213s] DEBUG:colcon.colcon_installed_package_information.package_discovery:Found 4 installed packages in /home/ubuntu2204/ws00_helloworld/install
[0.214s] DEBUG:colcon.colcon_installed_package_information.package_discovery:Found 461 installed packages in /opt/ros/humble
[0.215s] Level 1:colcon.colcon_core.package_discovery:discover_packages(prefix_path) using defaults
[0.248s] Level 5:colcon.colcon_core.verb:set package 'lerobot_control' build argument 'cmake_args' from command line to 'None'
[0.248s] Level 5:colcon.colcon_core.verb:set package 'lerobot_control' build argument 'cmake_target' from command line to 'None'
[0.248s] Level 5:colcon.colcon_core.verb:set package 'lerobot_control' build argument 'cmake_target_skip_unavailable' from command line to 'False'
[0.248s] Level 5:colcon.colcon_core.verb:set package 'lerobot_control' build argument 'cmake_clean_cache' from command line to 'False'
[0.248s] Level 5:colcon.colcon_core.verb:set package 'lerobot_control' build argument 'cmake_clean_first' from command line to 'False'
[0.248s] Level 5:colcon.colcon_core.verb:set package 'lerobot_control' build argument 'cmake_force_configure' from command line to 'False'
[0.248s] Level 5:colcon.colcon_core.verb:set package 'lerobot_control' build argument 'ament_cmake_args' from command line to 'None'
[0.248s] Level 5:colcon.colcon_core.verb:set package 'lerobot_control' build argument 'catkin_cmake_args' from command line to 'None'
[0.248s] Level 5:colcon.colcon_core.verb:set package 'lerobot_control' build argument 'catkin_skip_building_tests' from command line to 'False'
[0.248s] DEBUG:colcon.colcon_core.verb:Building package 'lerobot_control' with the following arguments: {'ament_cmake_args': None, 'build_base': '/home/ubuntu2204/lerobot_ws/build/lerobot_control', 'catkin_cmake_args': None, 'catkin_skip_building_tests': False, 'cmake_args': None, 'cmake_clean_cache': False, 'cmake_clean_first': False, 'cmake_force_configure': False, 'cmake_target': None, 'cmake_target_skip_unavailable': False, 'install_base': '/home/ubuntu2204/lerobot_ws/install/lerobot_control', 'merge_install': False, 'path': '/home/ubuntu2204/lerobot_ws/src/lerobot_control', 'symlink_install': False, 'test_result_base': None}
[0.248s] Level 5:colcon.colcon_core.verb:set package 'lerobot_description' build argument 'cmake_args' from command line to 'None'
[0.248s] Level 5:colcon.colcon_core.verb:set package 'lerobot_description' build argument 'cmake_target' from command line to 'None'
[0.248s] Level 5:colcon.colcon_core.verb:set package 'lerobot_description' build argument 'cmake_target_skip_unavailable' from command line to 'False'
[0.248s] Level 5:colcon.colcon_core.verb:set package 'lerobot_description' build argument 'cmake_clean_cache' from command line to 'False'
[0.248s] Level 5:colcon.colcon_core.verb:set package 'lerobot_description' build argument 'cmake_clean_first' from command line to 'False'
[0.248s] Level 5:colcon.colcon_core.verb:set package 'lerobot_description' build argument 'cmake_force_configure' from command line to 'False'
[0.248s] Level 5:colcon.colcon_core.verb:set package 'lerobot_description' build argument 'ament_cmake_args' from command line to 'None'
[0.248s] Level 5:colcon.colcon_core.verb:set package 'lerobot_description' build argument 'catkin_cmake_args' from command line to 'None'
[0.248s] Level 5:colcon.colcon_core.verb:set package 'lerobot_description' build argument 'catkin_skip_building_tests' from command line to 'False'
[0.248s] DEBUG:colcon.colcon_core.verb:Building package 'lerobot_description' with the following arguments: {'ament_cmake_args': None, 'build_base': '/home/ubuntu2204/lerobot_ws/build/lerobot_description', 'catkin_cmake_args': None, 'catkin_skip_building_tests': False, 'cmake_args': None, 'cmake_clean_cache': False, 'cmake_clean_first': False, 'cmake_force_configure': False, 'cmake_target': None, 'cmake_target_skip_unavailable': False, 'install_base': '/home/ubuntu2204/lerobot_ws/install/lerobot_description', 'merge_install': False, 'path': '/home/ubuntu2204/lerobot_ws/src/lerobot_description', 'symlink_install': False, 'test_result_base': None}
[0.249s] Level 5:colcon.colcon_core.verb:set package 'lerobot_moveit_config' build argument 'cmake_args' from command line to 'None'
[0.249s] Level 5:colcon.colcon_core.verb:set package 'lerobot_moveit_config' build argument 'cmake_target' from command line to 'None'
[0.249s] Level 5:colcon.colcon_core.verb:set package 'lerobot_moveit_config' build argument 'cmake_target_skip_unavailable' from command line to 'False'
[0.249s] Level 5:colcon.colcon_core.verb:set package 'lerobot_moveit_config' build argument 'cmake_clean_cache' from command line to 'False'
[0.249s] Level 5:colcon.colcon_core.verb:set package 'lerobot_moveit_config' build argument 'cmake_clean_first' from command line to 'False'
[0.249s] Level 5:colcon.colcon_core.verb:set package 'lerobot_moveit_config' build argument 'cmake_force_configure' from command line to 'False'
[0.249s] Level 5:colcon.colcon_core.verb:set package 'lerobot_moveit_config' build argument 'ament_cmake_args' from command line to 'None'
[0.249s] Level 5:colcon.colcon_core.verb:set package 'lerobot_moveit_config' build argument 'catkin_cmake_args' from command line to 'None'
[0.249s] Level 5:colcon.colcon_core.verb:set package 'lerobot_moveit_config' build argument 'catkin_skip_building_tests' from command line to 'False'
[0.249s] DEBUG:colcon.colcon_core.verb:Building package 'lerobot_moveit_config' with the following arguments: {'ament_cmake_args': None, 'build_base': '/home/ubuntu2204/lerobot_ws/build/lerobot_moveit_config', 'catkin_cmake_args': None, 'catkin_skip_building_tests': False, 'cmake_args': None, 'cmake_clean_cache': False, 'cmake_clean_first': False, 'cmake_force_configure': False, 'cmake_target': None, 'cmake_target_skip_unavailable': False, 'install_base': '/home/ubuntu2204/lerobot_ws/install/lerobot_moveit_config', 'merge_install': False, 'path': '/home/ubuntu2204/lerobot_ws/src/lerobot_moveit_config', 'symlink_install': False, 'test_result_base': None}
[0.249s] INFO:colcon.colcon_core.executor:Executing jobs using 'parallel' executor
[0.250s] DEBUG:colcon.colcon_parallel_executor.executor.parallel:run_until_complete
[0.251s] INFO:colcon.colcon_ros.task.ament_cmake.build:Building ROS package in '/home/ubuntu2204/lerobot_ws/src/lerobot_description' with build type 'ament_cmake'
[0.251s] INFO:colcon.colcon_cmake.task.cmake.build:Building CMake package in '/home/ubuntu2204/lerobot_ws/src/lerobot_description'
[0.252s] INFO:colcon.colcon_core.plugin_system:Skipping extension 'colcon_core.shell.bat': Not used on non-Windows systems
[0.252s] INFO:colcon.colcon_core.shell:Skip shell extension 'powershell' for command environment: Not usable outside of PowerShell
[0.252s] DEBUG:colcon.colcon_core.shell:Skip shell extension 'dsv' for command environment
[0.256s] INFO:colcon.colcon_ros.task.ament_python.build:Building ROS package in '/home/ubuntu2204/lerobot_ws/src/lerobot_control' with build type 'ament_python'
[0.256s] Level 1:colcon.colcon_core.shell:create_environment_hook('lerobot_control', 'ament_prefix_path')
[0.256s] INFO:colcon.colcon_core.shell:Creating environment hook '/home/ubuntu2204/lerobot_ws/install/lerobot_control/share/lerobot_control/hook/ament_prefix_path.ps1'
[0.257s] INFO:colcon.colcon_core.shell:Creating environment descriptor '/home/ubuntu2204/lerobot_ws/install/lerobot_control/share/lerobot_control/hook/ament_prefix_path.dsv'
[0.257s] INFO:colcon.colcon_core.shell:Creating environment hook '/home/ubuntu2204/lerobot_ws/install/lerobot_control/share/lerobot_control/hook/ament_prefix_path.sh'
[0.258s] INFO:colcon.colcon_core.shell:Skip shell extension 'powershell' for command environment: Not usable outside of PowerShell
[0.258s] DEBUG:colcon.colcon_core.shell:Skip shell extension 'dsv' for command environment
[0.269s] DEBUG:colcon.colcon_core.event_handler.log_command:Invoking command in '/home/ubuntu2204/lerobot_ws/build/lerobot_description': CMAKE_PREFIX_PATH=${CMAKE_PREFIX_PATH}:/home/ubuntu2204/lerobot_ws/install/lerobot_control:/home/ubuntu2204/ws00_helloworld/install/pkg04_hellovscode_py:/home/ubuntu2204/ws00_helloworld/install/pkg02_helloworld_py:/opt/ros/humble /usr/bin/cmake --build /home/ubuntu2204/lerobot_ws/build/lerobot_description -- -j2 -l2
[0.468s] INFO:colcon.colcon_core.task.python.build:Building Python package in '/home/ubuntu2204/lerobot_ws/src/lerobot_control'
[0.469s] INFO:colcon.colcon_core.shell:Skip shell extension 'powershell' for command environment: Not usable outside of PowerShell
[0.469s] DEBUG:colcon.colcon_core.shell:Skip shell extension 'dsv' for command environment
[0.476s] DEBUG:colcon.colcon_core.event_handler.log_command:Invoked command in '/home/ubuntu2204/lerobot_ws/build/lerobot_description' returned '0': CMAKE_PREFIX_PATH=${CMAKE_PREFIX_PATH}:/home/ubuntu2204/lerobot_ws/install/lerobot_control:/home/ubuntu2204/ws00_helloworld/install/pkg04_hellovscode_py:/home/ubuntu2204/ws00_helloworld/install/pkg02_helloworld_py:/opt/ros/humble /usr/bin/cmake --build /home/ubuntu2204/lerobot_ws/build/lerobot_description -- -j2 -l2
[0.486s] DEBUG:colcon.colcon_core.event_handler.log_command:Invoking command in '/home/ubuntu2204/lerobot_ws/build/lerobot_description': CMAKE_PREFIX_PATH=${CMAKE_PREFIX_PATH}:/home/ubuntu2204/lerobot_ws/install/lerobot_control:/home/ubuntu2204/ws00_helloworld/install/pkg04_hellovscode_py:/home/ubuntu2204/ws00_helloworld/install/pkg02_helloworld_py:/opt/ros/humble /usr/bin/cmake --install /home/ubuntu2204/lerobot_ws/build/lerobot_description
[0.496s] Level 1:colcon.colcon_core.environment:create_environment_scripts_only(lerobot_description)
[0.498s] Level 1:colcon.colcon_core.environment:checking '/home/ubuntu2204/lerobot_ws/install/lerobot_description' for CMake module files
[0.503s] Level 1:colcon.colcon_core.environment:checking '/home/ubuntu2204/lerobot_ws/install/lerobot_description' for CMake config files
[0.503s] DEBUG:colcon.colcon_core.event_handler.log_command:Invoked command in '/home/ubuntu2204/lerobot_ws/build/lerobot_description' returned '0': CMAKE_PREFIX_PATH=${CMAKE_PREFIX_PATH}:/home/ubuntu2204/lerobot_ws/install/lerobot_control:/home/ubuntu2204/ws00_helloworld/install/pkg04_hellovscode_py:/home/ubuntu2204/ws00_helloworld/install/pkg02_helloworld_py:/opt/ros/humble /usr/bin/cmake --install /home/ubuntu2204/lerobot_ws/build/lerobot_description
[0.503s] Level 1:colcon.colcon_core.shell:create_environment_hook('lerobot_description', 'cmake_prefix_path')
[0.503s] INFO:colcon.colcon_core.shell:Creating environment hook '/home/ubuntu2204/lerobot_ws/install/lerobot_description/share/lerobot_description/hook/cmake_prefix_path.ps1'
[0.504s] INFO:colcon.colcon_core.shell:Creating environment descriptor '/home/ubuntu2204/lerobot_ws/install/lerobot_description/share/lerobot_description/hook/cmake_prefix_path.dsv'
[0.504s] INFO:colcon.colcon_core.shell:Creating environment hook '/home/ubuntu2204/lerobot_ws/install/lerobot_description/share/lerobot_description/hook/cmake_prefix_path.sh'
[0.505s] Level 1:colcon.colcon_core.environment:checking '/home/ubuntu2204/lerobot_ws/install/lerobot_description/bin'
[0.505s] Level 1:colcon.colcon_core.environment:checking '/home/ubuntu2204/lerobot_ws/install/lerobot_description/lib/pkgconfig/lerobot_description.pc'
[0.505s] Level 1:colcon.colcon_core.environment:checking '/home/ubuntu2204/lerobot_ws/install/lerobot_description/lib/python3.10/site-packages'
[0.506s] Level 1:colcon.colcon_core.environment:checking '/home/ubuntu2204/lerobot_ws/install/lerobot_description/bin'
[0.507s] INFO:colcon.colcon_core.shell:Creating package script '/home/ubuntu2204/lerobot_ws/install/lerobot_description/share/lerobot_description/package.ps1'
[0.508s] INFO:colcon.colcon_core.shell:Creating package descriptor '/home/ubuntu2204/lerobot_ws/install/lerobot_description/share/lerobot_description/package.dsv'
[0.509s] INFO:colcon.colcon_core.shell:Creating package script '/home/ubuntu2204/lerobot_ws/install/lerobot_description/share/lerobot_description/package.sh'
[0.512s] INFO:colcon.colcon_core.shell:Creating package script '/home/ubuntu2204/lerobot_ws/install/lerobot_description/share/lerobot_description/package.bash'
[0.512s] INFO:colcon.colcon_core.shell:Creating package script '/home/ubuntu2204/lerobot_ws/install/lerobot_description/share/lerobot_description/package.zsh'
[0.513s] Level 1:colcon.colcon_core.environment:create_file_with_runtime_dependencies(/home/ubuntu2204/lerobot_ws/install/lerobot_description/share/colcon-core/packages/lerobot_description)
[0.513s] Level 1:colcon.colcon_core.environment:create_environment_scripts_only(lerobot_description)
[0.513s] Level 1:colcon.colcon_core.environment:checking '/home/ubuntu2204/lerobot_ws/install/lerobot_description' for CMake module files
[0.514s] Level 1:colcon.colcon_core.environment:checking '/home/ubuntu2204/lerobot_ws/install/lerobot_description' for CMake config files
[0.514s] Level 1:colcon.colcon_core.shell:create_environment_hook('lerobot_description', 'cmake_prefix_path')
[0.514s] INFO:colcon.colcon_core.shell:Creating environment hook '/home/ubuntu2204/lerobot_ws/install/lerobot_description/share/lerobot_description/hook/cmake_prefix_path.ps1'
[0.514s] INFO:colcon.colcon_core.shell:Creating environment descriptor '/home/ubuntu2204/lerobot_ws/install/lerobot_description/share/lerobot_description/hook/cmake_prefix_path.dsv'
[0.514s] INFO:colcon.colcon_core.shell:Creating environment hook '/home/ubuntu2204/lerobot_ws/install/lerobot_description/share/lerobot_description/hook/cmake_prefix_path.sh'
[0.515s] Level 1:colcon.colcon_core.environment:checking '/home/ubuntu2204/lerobot_ws/install/lerobot_description/bin'
[0.515s] Level 1:colcon.colcon_core.environment:checking '/home/ubuntu2204/lerobot_ws/install/lerobot_description/lib/pkgconfig/lerobot_description.pc'
[0.515s] Level 1:colcon.colcon_core.environment:checking '/home/ubuntu2204/lerobot_ws/install/lerobot_description/lib/python3.10/site-packages'
[0.515s] Level 1:colcon.colcon_core.environment:checking '/home/ubuntu2204/lerobot_ws/install/lerobot_description/bin'
[0.516s] INFO:colcon.colcon_core.shell:Creating package script '/home/ubuntu2204/lerobot_ws/install/lerobot_description/share/lerobot_description/package.ps1'
[0.516s] INFO:colcon.colcon_core.shell:Creating package descriptor '/home/ubuntu2204/lerobot_ws/install/lerobot_description/share/lerobot_description/package.dsv'
[0.517s] INFO:colcon.colcon_core.shell:Creating package script '/home/ubuntu2204/lerobot_ws/install/lerobot_description/share/lerobot_description/package.sh'
[0.517s] INFO:colcon.colcon_core.shell:Creating package script '/home/ubuntu2204/lerobot_ws/install/lerobot_description/share/lerobot_description/package.bash'
[0.517s] INFO:colcon.colcon_core.shell:Creating package script '/home/ubuntu2204/lerobot_ws/install/lerobot_description/share/lerobot_description/package.zsh'
[0.518s] Level 1:colcon.colcon_core.environment:create_file_with_runtime_dependencies(/home/ubuntu2204/lerobot_ws/install/lerobot_description/share/colcon-core/packages/lerobot_description)
[0.518s] INFO:colcon.colcon_ros.task.ament_cmake.build:Building ROS package in '/home/ubuntu2204/lerobot_ws/src/lerobot_moveit_config' with build type 'ament_cmake'
[0.518s] INFO:colcon.colcon_cmake.task.cmake.build:Building CMake package in '/home/ubuntu2204/lerobot_ws/src/lerobot_moveit_config'
[0.518s] INFO:colcon.colcon_core.shell:Skip shell extension 'powershell' for command environment: Not usable outside of PowerShell
[0.519s] DEBUG:colcon.colcon_core.shell:Skip shell extension 'dsv' for command environment
[0.531s] DEBUG:colcon.colcon_core.event_handler.log_command:Invoking command in '/home/ubuntu2204/lerobot_ws/build/lerobot_moveit_config': CMAKE_PREFIX_PATH=/home/ubuntu2204/lerobot_ws/install/lerobot_description:/home/ubuntu2204/lerobot_ws/install/lerobot_moveit_config:/home/ubuntu2204/ws00_helloworld/install/pkg03_hellovscode_cpp:/home/ubuntu2204/ws00_helloworld/install/pkg01_helloworld_cpp:/home/ubuntu2204/lerobot_ws/install/lerobot_control:/home/ubuntu2204/ws00_helloworld/install/pkg04_hellovscode_py:/home/ubuntu2204/ws00_helloworld/install/pkg02_helloworld_py:/opt/ros/humble /usr/bin/cmake --build /home/ubuntu2204/lerobot_ws/build/lerobot_moveit_config -- -j2 -l2
[0.553s] DEBUG:colcon.colcon_core.event_handler.log_command:Invoked command in '/home/ubuntu2204/lerobot_ws/build/lerobot_moveit_config' returned '0': CMAKE_PREFIX_PATH=/home/ubuntu2204/lerobot_ws/install/lerobot_description:/home/ubuntu2204/lerobot_ws/install/lerobot_moveit_config:/home/ubuntu2204/ws00_helloworld/install/pkg03_hellovscode_cpp:/home/ubuntu2204/ws00_helloworld/install/pkg01_helloworld_cpp:/home/ubuntu2204/lerobot_ws/install/lerobot_control:/home/ubuntu2204/ws00_helloworld/install/pkg04_hellovscode_py:/home/ubuntu2204/ws00_helloworld/install/pkg02_helloworld_py:/opt/ros/humble /usr/bin/cmake --build /home/ubuntu2204/lerobot_ws/build/lerobot_moveit_config -- -j2 -l2
[0.560s] DEBUG:colcon.colcon_core.event_handler.log_command:Invoking command in '/home/ubuntu2204/lerobot_ws/build/lerobot_moveit_config': CMAKE_PREFIX_PATH=/home/ubuntu2204/lerobot_ws/install/lerobot_description:/home/ubuntu2204/lerobot_ws/install/lerobot_moveit_config:/home/ubuntu2204/ws00_helloworld/install/pkg03_hellovscode_cpp:/home/ubuntu2204/ws00_helloworld/install/pkg01_helloworld_cpp:/home/ubuntu2204/lerobot_ws/install/lerobot_control:/home/ubuntu2204/ws00_helloworld/install/pkg04_hellovscode_py:/home/ubuntu2204/ws00_helloworld/install/pkg02_helloworld_py:/opt/ros/humble /usr/bin/cmake --install /home/ubuntu2204/lerobot_ws/build/lerobot_moveit_config
[0.583s] Level 1:colcon.colcon_core.environment:create_environment_scripts_only(lerobot_moveit_config)
[0.584s] Level 1:colcon.colcon_core.environment:checking '/home/ubuntu2204/lerobot_ws/install/lerobot_moveit_config' for CMake module files
[0.584s] Level 1:colcon.colcon_core.environment:checking '/home/ubuntu2204/lerobot_ws/install/lerobot_moveit_config' for CMake config files
[0.584s] Level 1:colcon.colcon_core.shell:create_environment_hook('lerobot_moveit_config', 'cmake_prefix_path')
[0.584s] INFO:colcon.colcon_core.shell:Creating environment hook '/home/ubuntu2204/lerobot_ws/install/lerobot_moveit_config/share/lerobot_moveit_config/hook/cmake_prefix_path.ps1'
[0.586s] DEBUG:colcon.colcon_core.event_handler.log_command:Invoked command in '/home/ubuntu2204/lerobot_ws/build/lerobot_moveit_config' returned '0': CMAKE_PREFIX_PATH=/home/ubuntu2204/lerobot_ws/install/lerobot_description:/home/ubuntu2204/lerobot_ws/install/lerobot_moveit_config:/home/ubuntu2204/ws00_helloworld/install/pkg03_hellovscode_cpp:/home/ubuntu2204/ws00_helloworld/install/pkg01_helloworld_cpp:/home/ubuntu2204/lerobot_ws/install/lerobot_control:/home/ubuntu2204/ws00_helloworld/install/pkg04_hellovscode_py:/home/ubuntu2204/ws00_helloworld/install/pkg02_helloworld_py:/opt/ros/humble /usr/bin/cmake --install /home/ubuntu2204/lerobot_ws/build/lerobot_moveit_config
[0.587s] INFO:colcon.colcon_core.shell:Creating environment descriptor '/home/ubuntu2204/lerobot_ws/install/lerobot_moveit_config/share/lerobot_moveit_config/hook/cmake_prefix_path.dsv'
[0.587s] INFO:colcon.colcon_core.shell:Creating environment hook '/home/ubuntu2204/lerobot_ws/install/lerobot_moveit_config/share/lerobot_moveit_config/hook/cmake_prefix_path.sh'
[0.590s] Level 1:colcon.colcon_core.environment:checking '/home/ubuntu2204/lerobot_ws/install/lerobot_moveit_config/bin'
[0.590s] Level 1:colcon.colcon_core.environment:checking '/home/ubuntu2204/lerobot_ws/install/lerobot_moveit_config/lib/pkgconfig/lerobot_moveit_config.pc'
[0.590s] Level 1:colcon.colcon_core.environment:checking '/home/ubuntu2204/lerobot_ws/install/lerobot_moveit_config/lib/python3.10/site-packages'
[0.590s] Level 1:colcon.colcon_core.environment:checking '/home/ubuntu2204/lerobot_ws/install/lerobot_moveit_config/bin'
[0.590s] INFO:colcon.colcon_core.shell:Creating package script '/home/ubuntu2204/lerobot_ws/install/lerobot_moveit_config/share/lerobot_moveit_config/package.ps1'
[0.591s] INFO:colcon.colcon_core.shell:Creating package descriptor '/home/ubuntu2204/lerobot_ws/install/lerobot_moveit_config/share/lerobot_moveit_config/package.dsv'
[0.591s] INFO:colcon.colcon_core.shell:Creating package script '/home/ubuntu2204/lerobot_ws/install/lerobot_moveit_config/share/lerobot_moveit_config/package.sh'
[0.591s] INFO:colcon.colcon_core.shell:Creating package script '/home/ubuntu2204/lerobot_ws/install/lerobot_moveit_config/share/lerobot_moveit_config/package.bash'
[0.594s] INFO:colcon.colcon_core.shell:Creating package script '/home/ubuntu2204/lerobot_ws/install/lerobot_moveit_config/share/lerobot_moveit_config/package.zsh'
[0.594s] Level 1:colcon.colcon_core.environment:create_file_with_runtime_dependencies(/home/ubuntu2204/lerobot_ws/install/lerobot_moveit_config/share/colcon-core/packages/lerobot_moveit_config)
[0.595s] Level 1:colcon.colcon_core.environment:create_environment_scripts_only(lerobot_moveit_config)
[0.595s] Level 1:colcon.colcon_core.environment:checking '/home/ubuntu2204/lerobot_ws/install/lerobot_moveit_config' for CMake module files
[0.597s] Level 1:colcon.colcon_core.environment:checking '/home/ubuntu2204/lerobot_ws/install/lerobot_moveit_config' for CMake config files
[0.597s] Level 1:colcon.colcon_core.shell:create_environment_hook('lerobot_moveit_config', 'cmake_prefix_path')
[0.598s] INFO:colcon.colcon_core.shell:Creating environment hook '/home/ubuntu2204/lerobot_ws/install/lerobot_moveit_config/share/lerobot_moveit_config/hook/cmake_prefix_path.ps1'
[0.598s] INFO:colcon.colcon_core.shell:Creating environment descriptor '/home/ubuntu2204/lerobot_ws/install/lerobot_moveit_config/share/lerobot_moveit_config/hook/cmake_prefix_path.dsv'
[0.600s] INFO:colcon.colcon_core.shell:Creating environment hook '/home/ubuntu2204/lerobot_ws/install/lerobot_moveit_config/share/lerobot_moveit_config/hook/cmake_prefix_path.sh'
[0.601s] Level 1:colcon.colcon_core.environment:checking '/home/ubuntu2204/lerobot_ws/install/lerobot_moveit_config/bin'
[0.601s] Level 1:colcon.colcon_core.environment:checking '/home/ubuntu2204/lerobot_ws/install/lerobot_moveit_config/lib/pkgconfig/lerobot_moveit_config.pc'
[0.601s] Level 1:colcon.colcon_core.environment:checking '/home/ubuntu2204/lerobot_ws/install/lerobot_moveit_config/lib/python3.10/site-packages'
[0.601s] Level 1:colcon.colcon_core.environment:checking '/home/ubuntu2204/lerobot_ws/install/lerobot_moveit_config/bin'
[0.602s] INFO:colcon.colcon_core.shell:Creating package script '/home/ubuntu2204/lerobot_ws/install/lerobot_moveit_config/share/lerobot_moveit_config/package.ps1'
[0.604s] INFO:colcon.colcon_core.shell:Creating package descriptor '/home/ubuntu2204/lerobot_ws/install/lerobot_moveit_config/share/lerobot_moveit_config/package.dsv'
[0.605s] INFO:colcon.colcon_core.shell:Creating package script '/home/ubuntu2204/lerobot_ws/install/lerobot_moveit_config/share/lerobot_moveit_config/package.sh'
[0.605s] INFO:colcon.colcon_core.shell:Creating package script '/home/ubuntu2204/lerobot_ws/install/lerobot_moveit_config/share/lerobot_moveit_config/package.bash'
[0.608s] INFO:colcon.colcon_core.shell:Creating package script '/home/ubuntu2204/lerobot_ws/install/lerobot_moveit_config/share/lerobot_moveit_config/package.zsh'
[0.608s] Level 1:colcon.colcon_core.environment:create_file_with_runtime_dependencies(/home/ubuntu2204/lerobot_ws/install/lerobot_moveit_config/share/colcon-core/packages/lerobot_moveit_config)
[0.850s] DEBUG:colcon.colcon_core.event_handler.log_command:Invoking command in '/home/ubuntu2204/lerobot_ws/src/lerobot_control': PYTHONPATH=/home/ubuntu2204/lerobot_ws/build/lerobot_control/prefix_override:/usr/lib/python3/dist-packages/colcon_core/task/python/colcon_distutils_commands:/home/ubuntu2204/lerobot_ws/install/lerobot_control/lib/python3.10/site-packages:${PYTHONPATH} /usr/bin/python3 -W ignore:setup.py install is deprecated -W ignore:easy_install command is deprecated setup.py egg_info --egg-base ../../build/lerobot_control build --build-base /home/ubuntu2204/lerobot_ws/build/lerobot_control/build install --record /home/ubuntu2204/lerobot_ws/build/lerobot_control/install.log --single-version-externally-managed install_data
[1.067s] Level 1:colcon.colcon_core.environment:checking '/home/ubuntu2204/lerobot_ws/install/lerobot_control' for CMake module files
[1.068s] Level 1:colcon.colcon_core.environment:checking '/home/ubuntu2204/lerobot_ws/install/lerobot_control' for CMake config files
[1.068s] DEBUG:colcon.colcon_core.event_handler.log_command:Invoked command in '/home/ubuntu2204/lerobot_ws/src/lerobot_control' returned '0': PYTHONPATH=/home/ubuntu2204/lerobot_ws/build/lerobot_control/prefix_override:/usr/lib/python3/dist-packages/colcon_core/task/python/colcon_distutils_commands:/home/ubuntu2204/lerobot_ws/install/lerobot_control/lib/python3.10/site-packages:${PYTHONPATH} /usr/bin/python3 -W ignore:setup.py install is deprecated -W ignore:easy_install command is deprecated setup.py egg_info --egg-base ../../build/lerobot_control build --build-base /home/ubuntu2204/lerobot_ws/build/lerobot_control/build install --record /home/ubuntu2204/lerobot_ws/build/lerobot_control/install.log --single-version-externally-managed install_data
[1.069s] Level 1:colcon.colcon_core.environment:checking '/home/ubuntu2204/lerobot_ws/install/lerobot_control/lib'
[1.069s] Level 1:colcon.colcon_core.environment:checking '/home/ubuntu2204/lerobot_ws/install/lerobot_control/bin'
[1.069s] Level 1:colcon.colcon_core.environment:checking '/home/ubuntu2204/lerobot_ws/install/lerobot_control/lib/pkgconfig/lerobot_control.pc'
[1.069s] Level 1:colcon.colcon_core.environment:checking '/home/ubuntu2204/lerobot_ws/install/lerobot_control/lib/python3.10/site-packages'
[1.069s] Level 1:colcon.colcon_core.shell:create_environment_hook('lerobot_control', 'pythonpath')
[1.069s] INFO:colcon.colcon_core.shell:Creating environment hook '/home/ubuntu2204/lerobot_ws/install/lerobot_control/share/lerobot_control/hook/pythonpath.ps1'
[1.070s] INFO:colcon.colcon_core.shell:Creating environment descriptor '/home/ubuntu2204/lerobot_ws/install/lerobot_control/share/lerobot_control/hook/pythonpath.dsv'
[1.070s] INFO:colcon.colcon_core.shell:Creating environment hook '/home/ubuntu2204/lerobot_ws/install/lerobot_control/share/lerobot_control/hook/pythonpath.sh'
[1.071s] Level 1:colcon.colcon_core.environment:checking '/home/ubuntu2204/lerobot_ws/install/lerobot_control/bin'
[1.071s] Level 1:colcon.colcon_core.environment:create_environment_scripts_only(lerobot_control)
[1.072s] INFO:colcon.colcon_core.shell:Creating package script '/home/ubuntu2204/lerobot_ws/install/lerobot_control/share/lerobot_control/package.ps1'
[1.072s] INFO:colcon.colcon_core.shell:Creating package descriptor '/home/ubuntu2204/lerobot_ws/install/lerobot_control/share/lerobot_control/package.dsv'
[1.073s] INFO:colcon.colcon_core.shell:Creating package script '/home/ubuntu2204/lerobot_ws/install/lerobot_control/share/lerobot_control/package.sh'
[1.073s] INFO:colcon.colcon_core.shell:Creating package script '/home/ubuntu2204/lerobot_ws/install/lerobot_control/share/lerobot_control/package.bash'
[1.074s] INFO:colcon.colcon_core.shell:Creating package script '/home/ubuntu2204/lerobot_ws/install/lerobot_control/share/lerobot_control/package.zsh'
[1.074s] Level 1:colcon.colcon_core.environment:create_file_with_runtime_dependencies(/home/ubuntu2204/lerobot_ws/install/lerobot_control/share/colcon-core/packages/lerobot_control)
[1.075s] DEBUG:colcon.colcon_parallel_executor.executor.parallel:closing loop
[1.075s] DEBUG:colcon.colcon_parallel_executor.executor.parallel:loop closed
[1.075s] DEBUG:colcon.colcon_parallel_executor.executor.parallel:run_until_complete finished with '0'
[1.075s] DEBUG:colcon.colcon_core.event_reactor:joining thread
[1.080s] INFO:colcon.colcon_core.plugin_system:Skipping extension 'colcon_notification.desktop_notification.terminal_notifier': Not used on non-Darwin systems
[1.080s] INFO:colcon.colcon_core.plugin_system:Skipping extension 'colcon_notification.desktop_notification.win32': Not used on non-Windows systems
[1.081s] INFO:colcon.colcon_notification.desktop_notification:Sending desktop notification using 'notify2'
[1.096s] DEBUG:colcon.colcon_core.event_reactor:joined thread
[1.096s] INFO:colcon.colcon_core.shell:Creating prefix script '/home/ubuntu2204/lerobot_ws/install/local_setup.ps1'
[1.097s] INFO:colcon.colcon_core.shell:Creating prefix util module '/home/ubuntu2204/lerobot_ws/install/_local_setup_util_ps1.py'
[1.098s] INFO:colcon.colcon_core.shell:Creating prefix chain script '/home/ubuntu2204/lerobot_ws/install/setup.ps1'
[1.100s] INFO:colcon.colcon_core.shell:Creating prefix script '/home/ubuntu2204/lerobot_ws/install/local_setup.sh'
[1.100s] INFO:colcon.colcon_core.shell:Creating prefix util module '/home/ubuntu2204/lerobot_ws/install/_local_setup_util_sh.py'
[1.101s] INFO:colcon.colcon_core.shell:Creating prefix chain script '/home/ubuntu2204/lerobot_ws/install/setup.sh'
[1.102s] INFO:colcon.colcon_core.shell:Creating prefix script '/home/ubuntu2204/lerobot_ws/install/local_setup.bash'
[1.102s] INFO:colcon.colcon_core.shell:Creating prefix chain script '/home/ubuntu2204/lerobot_ws/install/setup.bash'
[1.106s] INFO:colcon.colcon_core.shell:Creating prefix script '/home/ubuntu2204/lerobot_ws/install/local_setup.zsh'
[1.107s] INFO:colcon.colcon_core.shell:Creating prefix chain script '/home/ubuntu2204/lerobot_ws/install/setup.zsh'
