[1.055s] Invoking command in '/home/ubuntu2204/lerobot_ws/src/lerobot_control': PYTHONPATH=/home/ubuntu2204/lerobot_ws/build/lerobot_control/prefix_override:/usr/lib/python3/dist-packages/colcon_core/task/python/colcon_distutils_commands:/home/ubuntu2204/lerobot_ws/install/lerobot_control/lib/python3.10/site-packages:${PYTHONPATH} /usr/bin/python3 -W ignore:setup.py install is deprecated -W ignore:easy_install command is deprecated setup.py egg_info --egg-base ../../build/lerobot_control build --build-base /home/ubuntu2204/lerobot_ws/build/lerobot_control/build install --record /home/ubuntu2204/lerobot_ws/build/lerobot_control/install.log --single-version-externally-managed install_data
[1.241s] running egg_info
[1.242s] writing ../../build/lerobot_control/lerobot_control.egg-info/PKG-INFO
[1.243s] writing dependency_links to ../../build/lerobot_control/lerobot_control.egg-info/dependency_links.txt
[1.243s] writing entry points to ../../build/lerobot_control/lerobot_control.egg-info/entry_points.txt
[1.245s] writing requirements to ../../build/lerobot_control/lerobot_control.egg-info/requires.txt
[1.245s] writing top-level names to ../../build/lerobot_control/lerobot_control.egg-info/top_level.txt
[1.247s] reading manifest file '../../build/lerobot_control/lerobot_control.egg-info/SOURCES.txt'
[1.255s] writing manifest file '../../build/lerobot_control/lerobot_control.egg-info/SOURCES.txt'
[1.255s] running build
[1.256s] running build_py
[1.257s] copying lerobot_control/trajectory_bridge.py -> /home/ubuntu2204/lerobot_ws/build/lerobot_control/build/lib/lerobot_control
[1.259s] running install
[1.259s] running install_lib
[1.259s] copying /home/ubuntu2204/lerobot_ws/build/lerobot_control/build/lib/lerobot_control/trajectory_bridge.py -> /home/ubuntu2204/lerobot_ws/install/lerobot_control/lib/python3.10/site-packages/lerobot_control
[1.261s] byte-compiling /home/ubuntu2204/lerobot_ws/install/lerobot_control/lib/python3.10/site-packages/lerobot_control/trajectory_bridge.py to trajectory_bridge.cpython-310.pyc
[1.262s] running install_data
[1.263s] running install_egg_info
[1.264s] removing '/home/ubuntu2204/lerobot_ws/install/lerobot_control/lib/python3.10/site-packages/lerobot_control-0.0.0-py3.10.egg-info' (and everything under it)
[1.268s] Copying ../../build/lerobot_control/lerobot_control.egg-info to /home/ubuntu2204/lerobot_ws/install/lerobot_control/lib/python3.10/site-packages/lerobot_control-0.0.0-py3.10.egg-info
[1.269s] running install_scripts
[1.284s] Installing arm_planner script to /home/ubuntu2204/lerobot_ws/install/lerobot_control/lib/lerobot_control
[1.285s] Installing keyboard script to /home/ubuntu2204/lerobot_ws/install/lerobot_control/lib/lerobot_control
[1.285s] Installing lerobot script to /home/ubuntu2204/lerobot_ws/install/lerobot_control/lib/lerobot_control
[1.286s] Installing trajectory_bridge script to /home/ubuntu2204/lerobot_ws/install/lerobot_control/lib/lerobot_control
[1.287s] writing list of installed files to '/home/ubuntu2204/lerobot_ws/build/lerobot_control/install.log'
[1.305s] Invoked command in '/home/ubuntu2204/lerobot_ws/src/lerobot_control' returned '0': PYTHONPATH=/home/ubuntu2204/lerobot_ws/build/lerobot_control/prefix_override:/usr/lib/python3/dist-packages/colcon_core/task/python/colcon_distutils_commands:/home/ubuntu2204/lerobot_ws/install/lerobot_control/lib/python3.10/site-packages:${PYTHONPATH} /usr/bin/python3 -W ignore:setup.py install is deprecated -W ignore:easy_install command is deprecated setup.py egg_info --egg-base ../../build/lerobot_control build --build-base /home/ubuntu2204/lerobot_ws/build/lerobot_control/build install --record /home/ubuntu2204/lerobot_ws/build/lerobot_control/install.log --single-version-externally-managed install_data
