[0.022s] Invoking command in '/home/ubuntu2204/lerobot_ws/build/lerobot_description': CMAKE_PREFIX_PATH=${CMAKE_PREFIX_PATH}:/home/ubuntu2204/lerobot_ws/install/lerobot_control:/home/ubuntu2204/ws00_helloworld/install/pkg04_hellovscode_py:/home/ubuntu2204/ws00_helloworld/install/pkg02_helloworld_py:/opt/ros/humble /usr/bin/cmake --build /home/ubuntu2204/lerobot_ws/build/lerobot_description -- -j2 -l2
[0.077s] -- Found ament_cmake: 1.3.12 (/opt/ros/humble/share/ament_cmake/cmake)
[0.332s] -- Configuring done
[0.347s] -- Generating done
[0.351s] -- Build files have been written to: /home/ubuntu2204/lerobot_ws/build/lerobot_description
[0.369s] Invoked command in '/home/ubuntu2204/lerobot_ws/build/lerobot_description' returned '0': CMAKE_PREFIX_PATH=${CMAKE_PREFIX_PATH}:/home/ubuntu2204/lerobot_ws/install/lerobot_control:/home/ubuntu2204/ws00_helloworld/install/pkg04_hellovscode_py:/home/ubuntu2204/ws00_helloworld/install/pkg02_helloworld_py:/opt/ros/humble /usr/bin/cmake --build /home/ubuntu2204/lerobot_ws/build/lerobot_description -- -j2 -l2
[0.374s] Invoking command in '/home/ubuntu2204/lerobot_ws/build/lerobot_description': CMAKE_PREFIX_PATH=${CMAKE_PREFIX_PATH}:/home/ubuntu2204/lerobot_ws/install/lerobot_control:/home/ubuntu2204/ws00_helloworld/install/pkg04_hellovscode_py:/home/ubuntu2204/ws00_helloworld/install/pkg02_helloworld_py:/opt/ros/humble /usr/bin/cmake --install /home/ubuntu2204/lerobot_ws/build/lerobot_description
[0.381s] -- Install configuration: ""
[0.382s] -- Installing: /home/ubuntu2204/lerobot_ws/install/lerobot_description/share/lerobot_description/launch
[0.383s] -- Installing: /home/ubuntu2204/lerobot_ws/install/lerobot_description/share/lerobot_description/launch/display.launch.xml
[0.383s] -- Installing: /home/ubuntu2204/lerobot_ws/install/lerobot_description/share/lerobot_description/rviz
[0.383s] -- Up-to-date: /home/ubuntu2204/lerobot_ws/install/lerobot_description/share/lerobot_description/urdf
[0.383s] -- Up-to-date: /home/ubuntu2204/lerobot_ws/install/lerobot_description/share/lerobot_description/urdf/robot.urdf.xacro
[0.383s] -- Up-to-date: /home/ubuntu2204/lerobot_ws/install/lerobot_description/share/lerobot_description/urdf/robot.urdf
[0.383s] -- Up-to-date: /home/ubuntu2204/lerobot_ws/install/lerobot_description/share/ament_index/resource_index/package_run_dependencies/lerobot_description
[0.383s] -- Installing: /home/ubuntu2204/lerobot_ws/install/lerobot_description/share/ament_index/resource_index/parent_prefix_path/lerobot_description
[0.387s] -- Up-to-date: /home/ubuntu2204/lerobot_ws/install/lerobot_description/share/lerobot_description/environment/ament_prefix_path.sh
[0.387s] -- Installing: /home/ubuntu2204/lerobot_ws/install/lerobot_description/share/lerobot_description/environment/ament_prefix_path.dsv
[0.387s] -- Up-to-date: /home/ubuntu2204/lerobot_ws/install/lerobot_description/share/lerobot_description/environment/path.sh
[0.387s] -- Installing: /home/ubuntu2204/lerobot_ws/install/lerobot_description/share/lerobot_description/environment/path.dsv
[0.387s] -- Up-to-date: /home/ubuntu2204/lerobot_ws/install/lerobot_description/share/lerobot_description/local_setup.bash
[0.387s] -- Up-to-date: /home/ubuntu2204/lerobot_ws/install/lerobot_description/share/lerobot_description/local_setup.sh
[0.387s] -- Up-to-date: /home/ubuntu2204/lerobot_ws/install/lerobot_description/share/lerobot_description/local_setup.zsh
[0.387s] -- Installing: /home/ubuntu2204/lerobot_ws/install/lerobot_description/share/lerobot_description/local_setup.dsv
[0.387s] -- Installing: /home/ubuntu2204/lerobot_ws/install/lerobot_description/share/lerobot_description/package.dsv
[0.387s] -- Up-to-date: /home/ubuntu2204/lerobot_ws/install/lerobot_description/share/ament_index/resource_index/packages/lerobot_description
[0.387s] -- Up-to-date: /home/ubuntu2204/lerobot_ws/install/lerobot_description/share/lerobot_description/cmake/lerobot_descriptionConfig.cmake
[0.388s] -- Up-to-date: /home/ubuntu2204/lerobot_ws/install/lerobot_description/share/lerobot_description/cmake/lerobot_descriptionConfig-version.cmake
[0.388s] -- Up-to-date: /home/ubuntu2204/lerobot_ws/install/lerobot_description/share/lerobot_description/package.xml
[0.390s] Invoked command in '/home/ubuntu2204/lerobot_ws/build/lerobot_description' returned '0': CMAKE_PREFIX_PATH=${CMAKE_PREFIX_PATH}:/home/ubuntu2204/lerobot_ws/install/lerobot_control:/home/ubuntu2204/ws00_helloworld/install/pkg04_hellovscode_py:/home/ubuntu2204/ws00_helloworld/install/pkg02_helloworld_py:/opt/ros/humble /usr/bin/cmake --install /home/ubuntu2204/lerobot_ws/build/lerobot_description
