[0.624s] Invoking command in '/home/ubuntu2204/lerobot_ws/src/lerobot_control': PYTHONPATH=/home/ubuntu2204/lerobot_ws/build/lerobot_control/prefix_override:/usr/lib/python3/dist-packages/colcon_core/task/python/colcon_distutils_commands:/home/ubuntu2204/lerobot_ws/install/lerobot_control/lib/python3.10/site-packages:${PYTHONPATH} /usr/bin/python3 -W ignore:setup.py install is deprecated -W ignore:easy_install command is deprecated setup.py egg_info --egg-base ../../build/lerobot_control build --build-base /home/ubuntu2204/lerobot_ws/build/lerobot_control/build install --record /home/ubuntu2204/lerobot_ws/build/lerobot_control/install.log --single-version-externally-managed install_data
[0.773s] running egg_info
[0.774s] writing ../../build/lerobot_control/lerobot_control.egg-info/PKG-INFO
[0.774s] writing dependency_links to ../../build/lerobot_control/lerobot_control.egg-info/dependency_links.txt
[0.775s] writing entry points to ../../build/lerobot_control/lerobot_control.egg-info/entry_points.txt
[0.775s] writing requirements to ../../build/lerobot_control/lerobot_control.egg-info/requires.txt
[0.776s] writing top-level names to ../../build/lerobot_control/lerobot_control.egg-info/top_level.txt
[0.777s] reading manifest file '../../build/lerobot_control/lerobot_control.egg-info/SOURCES.txt'
[0.778s] writing manifest file '../../build/lerobot_control/lerobot_control.egg-info/SOURCES.txt'
[0.778s] running build
[0.778s] running build_py
[0.779s] copying lerobot_control/trajectory_bridge.py -> /home/ubuntu2204/lerobot_ws/build/lerobot_control/build/lib/lerobot_control
[0.779s] running install
[0.780s] running install_lib
[0.780s] copying /home/ubuntu2204/lerobot_ws/build/lerobot_control/build/lib/lerobot_control/trajectory_bridge.py -> /home/ubuntu2204/lerobot_ws/install/lerobot_control/lib/python3.10/site-packages/lerobot_control
[0.781s] byte-compiling /home/ubuntu2204/lerobot_ws/install/lerobot_control/lib/python3.10/site-packages/lerobot_control/trajectory_bridge.py to trajectory_bridge.cpython-310.pyc
[0.782s] running install_data
[0.782s] running install_egg_info
[0.784s] removing '/home/ubuntu2204/lerobot_ws/install/lerobot_control/lib/python3.10/site-packages/lerobot_control-0.0.0-py3.10.egg-info' (and everything under it)
[0.786s] Copying ../../build/lerobot_control/lerobot_control.egg-info to /home/ubuntu2204/lerobot_ws/install/lerobot_control/lib/python3.10/site-packages/lerobot_control-0.0.0-py3.10.egg-info
[0.786s] running install_scripts
[0.798s] Installing arm_planner script to /home/ubuntu2204/lerobot_ws/install/lerobot_control/lib/lerobot_control
[0.799s] Installing lerobot script to /home/ubuntu2204/lerobot_ws/install/lerobot_control/lib/lerobot_control
[0.799s] Installing trajectory_bridge script to /home/ubuntu2204/lerobot_ws/install/lerobot_control/lib/lerobot_control
[0.800s] writing list of installed files to '/home/ubuntu2204/lerobot_ws/build/lerobot_control/install.log'
[0.817s] Invoked command in '/home/ubuntu2204/lerobot_ws/src/lerobot_control' returned '0': PYTHONPATH=/home/ubuntu2204/lerobot_ws/build/lerobot_control/prefix_override:/usr/lib/python3/dist-packages/colcon_core/task/python/colcon_distutils_commands:/home/ubuntu2204/lerobot_ws/install/lerobot_control/lib/python3.10/site-packages:${PYTHONPATH} /usr/bin/python3 -W ignore:setup.py install is deprecated -W ignore:easy_install command is deprecated setup.py egg_info --egg-base ../../build/lerobot_control build --build-base /home/ubuntu2204/lerobot_ws/build/lerobot_control/build install --record /home/ubuntu2204/lerobot_ws/build/lerobot_control/install.log --single-version-externally-managed install_data
