[0.019s] Invoking command in '/home/ubuntu2204/lerobot_ws/build/lerobot_moveit_config': CMAKE_PREFIX_PATH=/home/ubuntu2204/lerobot_ws/install/lerobot_description:/home/ubuntu2204/lerobot_ws/install/lerobot_moveit_config:/home/ubuntu2204/ws00_helloworld/install/pkg03_hellovscode_cpp:/home/ubuntu2204/ws00_helloworld/install/pkg01_helloworld_cpp:/home/ubuntu2204/lerobot_ws/install/lerobot_control:/home/ubuntu2204/ws00_helloworld/install/pkg04_hellovscode_py:/home/ubuntu2204/ws00_helloworld/install/pkg02_helloworld_py:/opt/ros/humble /usr/bin/cmake --build /home/ubuntu2204/lerobot_ws/build/lerobot_moveit_config -- -j2 -l2
[0.042s] -- Found ament_cmake: 1.3.12 (/opt/ros/humble/share/ament_cmake/cmake)
[0.311s] -- Configuring done
[0.321s] -- Generating done
[0.325s] -- Build files have been written to: /home/ubuntu2204/lerobot_ws/build/lerobot_moveit_config
[0.349s] Invoked command in '/home/ubuntu2204/lerobot_ws/build/lerobot_moveit_config' returned '0': CMAKE_PREFIX_PATH=/home/ubuntu2204/lerobot_ws/install/lerobot_description:/home/ubuntu2204/lerobot_ws/install/lerobot_moveit_config:/home/ubuntu2204/ws00_helloworld/install/pkg03_hellovscode_cpp:/home/ubuntu2204/ws00_helloworld/install/pkg01_helloworld_cpp:/home/ubuntu2204/lerobot_ws/install/lerobot_control:/home/ubuntu2204/ws00_helloworld/install/pkg04_hellovscode_py:/home/ubuntu2204/ws00_helloworld/install/pkg02_helloworld_py:/opt/ros/humble /usr/bin/cmake --build /home/ubuntu2204/lerobot_ws/build/lerobot_moveit_config -- -j2 -l2
[0.350s] Invoking command in '/home/ubuntu2204/lerobot_ws/build/lerobot_moveit_config': CMAKE_PREFIX_PATH=/home/ubuntu2204/lerobot_ws/install/lerobot_description:/home/ubuntu2204/lerobot_ws/install/lerobot_moveit_config:/home/ubuntu2204/ws00_helloworld/install/pkg03_hellovscode_cpp:/home/ubuntu2204/ws00_helloworld/install/pkg01_helloworld_cpp:/home/ubuntu2204/lerobot_ws/install/lerobot_control:/home/ubuntu2204/ws00_helloworld/install/pkg04_hellovscode_py:/home/ubuntu2204/ws00_helloworld/install/pkg02_helloworld_py:/opt/ros/humble /usr/bin/cmake --install /home/ubuntu2204/lerobot_ws/build/lerobot_moveit_config
[0.360s] -- Install configuration: ""
[0.362s] -- Up-to-date: /home/ubuntu2204/lerobot_ws/install/lerobot_moveit_config/share/ament_index/resource_index/package_run_dependencies/lerobot_moveit_config
[0.362s] -- Installing: /home/ubuntu2204/lerobot_ws/install/lerobot_moveit_config/share/ament_index/resource_index/parent_prefix_path/lerobot_moveit_config
[0.363s] -- Up-to-date: /home/ubuntu2204/lerobot_ws/install/lerobot_moveit_config/share/lerobot_moveit_config/environment/ament_prefix_path.sh
[0.364s] -- Installing: /home/ubuntu2204/lerobot_ws/install/lerobot_moveit_config/share/lerobot_moveit_config/environment/ament_prefix_path.dsv
[0.364s] -- Up-to-date: /home/ubuntu2204/lerobot_ws/install/lerobot_moveit_config/share/lerobot_moveit_config/environment/path.sh
[0.364s] -- Installing: /home/ubuntu2204/lerobot_ws/install/lerobot_moveit_config/share/lerobot_moveit_config/environment/path.dsv
[0.364s] -- Up-to-date: /home/ubuntu2204/lerobot_ws/install/lerobot_moveit_config/share/lerobot_moveit_config/local_setup.bash
[0.364s] -- Up-to-date: /home/ubuntu2204/lerobot_ws/install/lerobot_moveit_config/share/lerobot_moveit_config/local_setup.sh
[0.364s] -- Up-to-date: /home/ubuntu2204/lerobot_ws/install/lerobot_moveit_config/share/lerobot_moveit_config/local_setup.zsh
[0.364s] -- Installing: /home/ubuntu2204/lerobot_ws/install/lerobot_moveit_config/share/lerobot_moveit_config/local_setup.dsv
[0.365s] -- Installing: /home/ubuntu2204/lerobot_ws/install/lerobot_moveit_config/share/lerobot_moveit_config/package.dsv
[0.369s] -- Up-to-date: /home/ubuntu2204/lerobot_ws/install/lerobot_moveit_config/share/ament_index/resource_index/packages/lerobot_moveit_config
[0.369s] -- Up-to-date: /home/ubuntu2204/lerobot_ws/install/lerobot_moveit_config/share/lerobot_moveit_config/cmake/lerobot_moveit_configConfig.cmake
[0.369s] -- Up-to-date: /home/ubuntu2204/lerobot_ws/install/lerobot_moveit_config/share/lerobot_moveit_config/cmake/lerobot_moveit_configConfig-version.cmake
[0.369s] -- Installing: /home/ubuntu2204/lerobot_ws/install/lerobot_moveit_config/share/lerobot_moveit_config/package.xml
[0.369s] -- Up-to-date: /home/ubuntu2204/lerobot_ws/install/lerobot_moveit_config/share/lerobot_moveit_config/launch
[0.369s] -- Installing: /home/ubuntu2204/lerobot_ws/install/lerobot_moveit_config/share/lerobot_moveit_config/launch/rsp.launch.py
[0.369s] -- Installing: /home/ubuntu2204/lerobot_ws/install/lerobot_moveit_config/share/lerobot_moveit_config/launch/static_virtual_joint_tfs.launch.py
[0.369s] -- Installing: /home/ubuntu2204/lerobot_ws/install/lerobot_moveit_config/share/lerobot_moveit_config/launch/setup_assistant.launch.py
[0.371s] -- Installing: /home/ubuntu2204/lerobot_ws/install/lerobot_moveit_config/share/lerobot_moveit_config/launch/move_group.launch.py
[0.372s] -- Installing: /home/ubuntu2204/lerobot_ws/install/lerobot_moveit_config/share/lerobot_moveit_config/launch/spawn_controllers.launch.py
[0.372s] -- Installing: /home/ubuntu2204/lerobot_ws/install/lerobot_moveit_config/share/lerobot_moveit_config/launch/demo.launch.py
[0.372s] -- Installing: /home/ubuntu2204/lerobot_ws/install/lerobot_moveit_config/share/lerobot_moveit_config/launch/warehouse_db.launch.py
[0.372s] -- Installing: /home/ubuntu2204/lerobot_ws/install/lerobot_moveit_config/share/lerobot_moveit_config/launch/moveit_rviz.launch.py
[0.372s] -- Up-to-date: /home/ubuntu2204/lerobot_ws/install/lerobot_moveit_config/share/lerobot_moveit_config/config
[0.373s] -- Installing: /home/ubuntu2204/lerobot_ws/install/lerobot_moveit_config/share/lerobot_moveit_config/config/joint_limits.yaml
[0.374s] -- Installing: /home/ubuntu2204/lerobot_ws/install/lerobot_moveit_config/share/lerobot_moveit_config/config/ros2_controllers.yaml
[0.374s] -- Installing: /home/ubuntu2204/lerobot_ws/install/lerobot_moveit_config/share/lerobot_moveit_config/config/moveit.rviz
[0.374s] -- Installing: /home/ubuntu2204/lerobot_ws/install/lerobot_moveit_config/share/lerobot_moveit_config/config/robot.urdf.xacro
[0.374s] -- Installing: /home/ubuntu2204/lerobot_ws/install/lerobot_moveit_config/share/lerobot_moveit_config/config/pilz_cartesian_limits.yaml
[0.375s] -- Installing: /home/ubuntu2204/lerobot_ws/install/lerobot_moveit_config/share/lerobot_moveit_config/config/initial_positions.yaml
[0.375s] -- Installing: /home/ubuntu2204/lerobot_ws/install/lerobot_moveit_config/share/lerobot_moveit_config/config/robot.ros2_control.xacro
[0.375s] -- Installing: /home/ubuntu2204/lerobot_ws/install/lerobot_moveit_config/share/lerobot_moveit_config/config/robot.srdf
[0.376s] -- Installing: /home/ubuntu2204/lerobot_ws/install/lerobot_moveit_config/share/lerobot_moveit_config/config/moveit_controllers.yaml
[0.376s] -- Installing: /home/ubuntu2204/lerobot_ws/install/lerobot_moveit_config/share/lerobot_moveit_config/config/kinematics.yaml
[0.376s] -- Installing: /home/ubuntu2204/lerobot_ws/install/lerobot_moveit_config/share/lerobot_moveit_config/.setup_assistant
[0.379s] Invoked command in '/home/ubuntu2204/lerobot_ws/build/lerobot_moveit_config' returned '0': CMAKE_PREFIX_PATH=/home/ubuntu2204/lerobot_ws/install/lerobot_description:/home/ubuntu2204/lerobot_ws/install/lerobot_moveit_config:/home/ubuntu2204/ws00_helloworld/install/pkg03_hellovscode_cpp:/home/ubuntu2204/ws00_helloworld/install/pkg01_helloworld_cpp:/home/ubuntu2204/lerobot_ws/install/lerobot_control:/home/ubuntu2204/ws00_helloworld/install/pkg04_hellovscode_py:/home/ubuntu2204/ws00_helloworld/install/pkg02_helloworld_py:/opt/ros/humble /usr/bin/cmake --install /home/ubuntu2204/lerobot_ws/build/lerobot_moveit_config
